../Drivers/CMSIS/Include/core_cm4.h:1679:22:__NVIC_EnableIRQ	16	static,ignoring_inline_asm
../Drivers/CMSIS/Include/core_cm4.h:1755:22:__NVIC_SetPendingIRQ	16	static
../Drivers/CMSIS/Include/core_cm4.h:1809:22:__NVIC_SetPriority	16	static
../Core/Src/main.c:83:6:print_msg	16	static
../Core/Src/main.c:92:5:main	24	static
../Core/Src/main.c:180:13:vPeriodicTask	16	static
../Core/Src/main.c:195:13:vHandlerTask	16	static
../Core/Src/main.c:205:6:EXTI15_10_IRQHandler	16	static,ignoring_inline_asm
../Core/Src/main.c:220:6:SystemClock_Config	96	static
../Core/Src/main.c:271:13:MX_RTC_Init	32	static
../Core/Src/main.c:335:13:MX_USART2_UART_Init	8	static
../Core/Src/main.c:375:13:MX_GPIO_Init	48	static
../Core/Src/main.c:422:6:StartDefaultTask	16	static
../Core/Src/main.c:437:6:Error_Handler	4	static,ignoring_inline_asm
