../Drivers/CMSIS/Include/core_cm4.h:1679:22:__NVIC_EnableIRQ	16	static,ignoring_inline_asm
../Drivers/CMSIS/Include/core_cm4.h:1809:22:__NVIC_SetPriority	16	static
../Core/Src/main.c:92:6:print_msg	16	static
../Core/Src/main.c:133:5:main	32	static
../Core/Src/main.c:232:6:vTask1_menu_display	24	static
../Core/Src/main.c:244:6:vTask2_cmd_handling	24	static
../Core/Src/main.c:261:6:vTask3_cmd_processing	80	static
../Core/Src/main.c:298:6:vTask4_uart_write	24	static
../Core/Src/main.c:307:6:USART2_IRQHandler	24	static,ignoring_inline_asm
../Core/Src/main.c:331:9:getCommandCode	16	static
../Core/Src/main.c:334:6:getArguments	16	static
../Core/Src/main.c:341:6:make_led_on	8	static
../Core/Src/main.c:346:6:make_led_off	8	static
../Core/Src/main.c:350:6:led_toggle	16	static
../Core/Src/main.c:353:6:led_toggle_start	32	static
../Core/Src/main.c:366:6:led_toggle_stop	16	static
../Core/Src/main.c:371:6:read_led_status	24	static
../Core/Src/main.c:379:6:read_rtc_info	72	static
../Core/Src/main.c:399:6:print_error_message	16	static
../Core/Src/main.c:408:6:led_task	16	static
../Core/Src/main.c:427:6:SystemClock_Config	96	static
../Core/Src/main.c:478:13:MX_RTC_Init	32	static
../Core/Src/main.c:542:13:MX_USART2_UART_Init	8	static
../Core/Src/main.c:582:13:MX_GPIO_Init	48	static
../Core/Src/main.c:627:6:StartDefaultTask	16	static
../Core/Src/main.c:642:6:Error_Handler	4	static,ignoring_inline_asm
