../Drivers/CMSIS/Include/core_cm4.h:1679:22:__NVIC_EnableIRQ	16	static,ignoring_inline_asm
../Drivers/CMSIS/Include/core_cm4.h:1809:22:__NVIC_SetPriority	16	static
../Core/Src/main.c:101:6:print_msg	16	static
../Core/Src/main.c:127:5:main	32	static
../Core/Src/main.c:222:6:vTask1_ReadSensor	24	static
../Core/Src/main.c:244:6:vTask2_Display	72	static
../Core/Src/main.c:267:6:vTask3_Command	72	static
../Core/Src/main.c:324:6:USART2_IRQHandler	24	static,ignoring_inline_asm
../Core/Src/main.c:349:6:light_sensor_init	24	static
../Core/Src/main.c:363:6:SystemClock_Config	96	static
../Core/Src/main.c:409:13:MX_I2C1_Init	16	static
../Core/Src/main.c:429:5:Read_light	32	static
../Core/Src/main.c:451:13:MX_RTC_Init	32	static
../Core/Src/main.c:515:13:MX_USART2_UART_Init	8	static
../Core/Src/main.c:555:13:MX_GPIO_Init	48	static
../Core/Src/main.c:616:6:StartDefaultTask	16	static
../Core/Src/main.c:631:6:Error_Handler	4	static,ignoring_inline_asm
