../Core/Src/main.c:85:6:HAL_GPIO_EXTI_Callback	16	static
../Core/Src/main.c:94:5:main	160	static
../Core/Src/main.c:172:6:rtos_delay	24	static
../Core/Src/main.c:178:6:vtask1_handler	120	static
../Core/Src/main.c:208:7:vtask2_handler	120	static
../Core/Src/main.c:241:6:SystemClock_Config	96	static
../Core/Src/main.c:291:13:MX_USART2_UART_Init	8	static
../Core/Src/main.c:326:13:MX_GPIO_Init	48	static
../Core/Src/main.c:374:6:StartDefaultTask	16	static
../Core/Src/main.c:389:6:Error_Handler	4	static,ignoring_inline_asm
