Archive member included to satisfy reference by file (symbol)

D:/My_user/STM32CubeIDE_1.19.0/STM32CubeIDE/plugins/com.st.stm32cube.ide.mcu.externaltools.gnu-tools-for-stm32.13.3.rel1.win32_1.0.0.202411081344/tools/bin/../lib/gcc/arm-none-eabi/13.3.1/../../../../arm-none-eabi/lib/thumb/v7e-m+fp/hard\libc_nano.a(libc_a-exit.o)
                              D:/My_user/STM32CubeIDE_1.19.0/STM32CubeIDE/plugins/com.st.stm32cube.ide.mcu.externaltools.gnu-tools-for-stm32.13.3.rel1.win32_1.0.0.202411081344/tools/bin/../lib/gcc/arm-none-eabi/13.3.1/../../../../arm-none-eabi/lib/thumb/v7e-m+fp/hard/crt0.o (exit)
D:/My_user/STM32CubeIDE_1.19.0/STM32CubeIDE/plugins/com.st.stm32cube.ide.mcu.externaltools.gnu-tools-for-stm32.13.3.rel1.win32_1.0.0.202411081344/tools/bin/../lib/gcc/arm-none-eabi/13.3.1/../../../../arm-none-eabi/lib/thumb/v7e-m+fp/hard\libc_nano.a(libc_a-findfp.o)
                              D:/My_user/STM32CubeIDE_1.19.0/STM32CubeIDE/plugins/com.st.stm32cube.ide.mcu.externaltools.gnu-tools-for-stm32.13.3.rel1.win32_1.0.0.202411081344/tools/bin/../lib/gcc/arm-none-eabi/13.3.1/../../../../arm-none-eabi/lib/thumb/v7e-m+fp/hard\libc_nano.a(libc_a-exit.o) (__stdio_exit_handler)
D:/My_user/STM32CubeIDE_1.19.0/STM32CubeIDE/plugins/com.st.stm32cube.ide.mcu.externaltools.gnu-tools-for-stm32.13.3.rel1.win32_1.0.0.202411081344/tools/bin/../lib/gcc/arm-none-eabi/13.3.1/../../../../arm-none-eabi/lib/thumb/v7e-m+fp/hard\libc_nano.a(libc_a-fwalk.o)
                              D:/My_user/STM32CubeIDE_1.19.0/STM32CubeIDE/plugins/com.st.stm32cube.ide.mcu.externaltools.gnu-tools-for-stm32.13.3.rel1.win32_1.0.0.202411081344/tools/bin/../lib/gcc/arm-none-eabi/13.3.1/../../../../arm-none-eabi/lib/thumb/v7e-m+fp/hard\libc_nano.a(libc_a-findfp.o) (_fwalk_sglue)
D:/My_user/STM32CubeIDE_1.19.0/STM32CubeIDE/plugins/com.st.stm32cube.ide.mcu.externaltools.gnu-tools-for-stm32.13.3.rel1.win32_1.0.0.202411081344/tools/bin/../lib/gcc/arm-none-eabi/13.3.1/../../../../arm-none-eabi/lib/thumb/v7e-m+fp/hard\libc_nano.a(libc_a-sprintf.o)
                              ./Core/Src/main.o (sprintf)
D:/My_user/STM32CubeIDE_1.19.0/STM32CubeIDE/plugins/com.st.stm32cube.ide.mcu.externaltools.gnu-tools-for-stm32.13.3.rel1.win32_1.0.0.202411081344/tools/bin/../lib/gcc/arm-none-eabi/13.3.1/../../../../arm-none-eabi/lib/thumb/v7e-m+fp/hard\libc_nano.a(libc_a-stdio.o)
                              D:/My_user/STM32CubeIDE_1.19.0/STM32CubeIDE/plugins/com.st.stm32cube.ide.mcu.externaltools.gnu-tools-for-stm32.13.3.rel1.win32_1.0.0.202411081344/tools/bin/../lib/gcc/arm-none-eabi/13.3.1/../../../../arm-none-eabi/lib/thumb/v7e-m+fp/hard\libc_nano.a(libc_a-findfp.o) (__sread)
D:/My_user/STM32CubeIDE_1.19.0/STM32CubeIDE/plugins/com.st.stm32cube.ide.mcu.externaltools.gnu-tools-for-stm32.13.3.rel1.win32_1.0.0.202411081344/tools/bin/../lib/gcc/arm-none-eabi/13.3.1/../../../../arm-none-eabi/lib/thumb/v7e-m+fp/hard\libc_nano.a(libc_a-memset.o)
                              D:/My_user/STM32CubeIDE_1.19.0/STM32CubeIDE/plugins/com.st.stm32cube.ide.mcu.externaltools.gnu-tools-for-stm32.13.3.rel1.win32_1.0.0.202411081344/tools/bin/../lib/gcc/arm-none-eabi/13.3.1/../../../../arm-none-eabi/lib/thumb/v7e-m+fp/hard/crt0.o (memset)
D:/My_user/STM32CubeIDE_1.19.0/STM32CubeIDE/plugins/com.st.stm32cube.ide.mcu.externaltools.gnu-tools-for-stm32.13.3.rel1.win32_1.0.0.202411081344/tools/bin/../lib/gcc/arm-none-eabi/13.3.1/../../../../arm-none-eabi/lib/thumb/v7e-m+fp/hard\libc_nano.a(libc_a-closer.o)
                              D:/My_user/STM32CubeIDE_1.19.0/STM32CubeIDE/plugins/com.st.stm32cube.ide.mcu.externaltools.gnu-tools-for-stm32.13.3.rel1.win32_1.0.0.202411081344/tools/bin/../lib/gcc/arm-none-eabi/13.3.1/../../../../arm-none-eabi/lib/thumb/v7e-m+fp/hard\libc_nano.a(libc_a-stdio.o) (_close_r)
D:/My_user/STM32CubeIDE_1.19.0/STM32CubeIDE/plugins/com.st.stm32cube.ide.mcu.externaltools.gnu-tools-for-stm32.13.3.rel1.win32_1.0.0.202411081344/tools/bin/../lib/gcc/arm-none-eabi/13.3.1/../../../../arm-none-eabi/lib/thumb/v7e-m+fp/hard\libc_nano.a(libc_a-reent.o)
                              D:/My_user/STM32CubeIDE_1.19.0/STM32CubeIDE/plugins/com.st.stm32cube.ide.mcu.externaltools.gnu-tools-for-stm32.13.3.rel1.win32_1.0.0.202411081344/tools/bin/../lib/gcc/arm-none-eabi/13.3.1/../../../../arm-none-eabi/lib/thumb/v7e-m+fp/hard\libc_nano.a(libc_a-closer.o) (errno)
D:/My_user/STM32CubeIDE_1.19.0/STM32CubeIDE/plugins/com.st.stm32cube.ide.mcu.externaltools.gnu-tools-for-stm32.13.3.rel1.win32_1.0.0.202411081344/tools/bin/../lib/gcc/arm-none-eabi/13.3.1/../../../../arm-none-eabi/lib/thumb/v7e-m+fp/hard\libc_nano.a(libc_a-impure.o)
                              D:/My_user/STM32CubeIDE_1.19.0/STM32CubeIDE/plugins/com.st.stm32cube.ide.mcu.externaltools.gnu-tools-for-stm32.13.3.rel1.win32_1.0.0.202411081344/tools/bin/../lib/gcc/arm-none-eabi/13.3.1/../../../../arm-none-eabi/lib/thumb/v7e-m+fp/hard\libc_nano.a(libc_a-sprintf.o) (_impure_ptr)
[...]
Memory Configuration

Name             Origin             Length             Attributes
RAM              0x20000000         0x00018000         xrw
RAM2             0x10000000         0x00008000         xrw
FLASH            0x08000000         0x00100000         xr
*default*        0x00000000         0xffffffff

Linker script and memory map

LOAD D:/My_user/STM32CubeIDE_1.19.0/STM32CubeIDE/plugins/com.st.stm32cube.ide.mcu.externaltools.gnu-tools-for-stm32.13.3.rel1.win32_1.0.0.202411081344/tools/bin/../lib/gcc/arm-none-eabi/13.3.1/thumb/v7e-m+fp/hard/crti.o
LOAD D:/My_user/STM32CubeIDE_1.19.0/STM32CubeIDE/plugins/com.st.stm32cube.ide.mcu.externaltools.gnu-tools-for-stm32.13.3.rel1.win32_1.0.0.202411081344/tools/bin/../lib/gcc/arm-none-eabi/13.3.1/thumb/v7e-m+fp/hard/crtbegin.o
LOAD D:/My_user/STM32CubeIDE_1.19.0/STM32CubeIDE/plugins/com.st.stm32cube.ide.mcu.externaltools.gnu-tools-for-stm32.13.3.rel1.win32_1.0.0.202411081344/tools/bin/../lib/gcc/arm-none-eabi/13.3.1/../../../../arm-none-eabi/lib/thumb/v7e-m+fp/hard/crt0.o
LOAD ./Core/Src/freertos.o
LOAD ./Core/Src/main.o
LOAD ./Core/Src/stm32l4xx_hal_msp.o
LOAD ./Core/Src/stm32l4xx_it.o
LOAD ./Core/Src/syscalls.o
LOAD ./Core/Src/sysmem.o
LOAD ./Core/Src/system_stm32l4xx.o
LOAD ./Core/Startup/startup_stm32l476rgtx.o
LOAD ./Drivers/STM32L4xx_HAL_Driver/Src/stm32l4xx_hal.o
LOAD ./Drivers/STM32L4xx_HAL_Driver/Src/stm32l4xx_hal_cortex.o
LOAD ./Drivers/STM32L4xx_HAL_Driver/Src/stm32l4xx_hal_dma.o
LOAD ./Drivers/STM32L4xx_HAL_Driver/Src/stm32l4xx_hal_dma_ex.o
LOAD ./Drivers/STM32L4xx_HAL_Driver/Src/stm32l4xx_hal_exti.o
LOAD ./Drivers/STM32L4xx_HAL_Driver/Src/stm32l4xx_hal_flash.o
LOAD ./Drivers/STM32L4xx_HAL_Driver/Src/stm32l4xx_hal_flash_ex.o
LOAD ./Drivers/STM32L4xx_HAL_Driver/Src/stm32l4xx_hal_flash_ramfunc.o
LOAD ./Drivers/STM32L4xx_HAL_Driver/Src/stm32l4xx_hal_gpio.o
LOAD ./Drivers/STM32L4xx_HAL_Driver/Src/stm32l4xx_hal_i2c.o
LOAD ./Drivers/STM32L4xx_HAL_Driver/Src/stm32l4xx_hal_i2c_ex.o
LOAD ./Drivers/STM32L4xx_HAL_Driver/Src/stm32l4xx_hal_pwr.o
LOAD ./Drivers/STM32L4xx_HAL_Driver/Src/stm32l4xx_hal_pwr_ex.o
LOAD ./Drivers/STM32L4xx_HAL_Driver/Src/stm32l4xx_hal_rcc.o
LOAD ./Drivers/STM32L4xx_HAL_Driver/Src/stm32l4xx_hal_rcc_ex.o
LOAD ./Drivers/STM32L4xx_HAL_Driver/Src/stm32l4xx_hal_rtc.o
LOAD ./Drivers/STM32L4xx_HAL_Driver/Src/stm32l4xx_hal_rtc_ex.o
LOAD ./Drivers/STM32L4xx_HAL_Driver/Src/stm32l4xx_hal_uart.o
LOAD ./Drivers/STM32L4xx_HAL_Driver/Src/stm32l4xx_hal_uart_ex.o
LOAD ./Middlewares/Third_Party/FreeRTOS/Source/CMSIS_RTOS/cmsis_os.o
LOAD ./Middlewares/Third_Party/FreeRTOS/Source/croutine.o
LOAD ./Middlewares/Third_Party/FreeRTOS/Source/event_groups.o
LOAD ./Middlewares/Third_Party/FreeRTOS/Source/list.o
LOAD ./Middlewares/Third_Party/FreeRTOS/Source/queue.o
LOAD ./Middlewares/Third_Party/FreeRTOS/Source/stream_buffer.o
LOAD ./Middlewares/Third_Party/FreeRTOS/Source/tasks.o
LOAD ./Middlewares/Third_Party/FreeRTOS/Source/timers.o
LOAD ./Middlewares/Third_Party/FreeRTOS/Source/portable/GCC/ARM_CM4F/port.o
LOAD ./Middlewares/Third_Party/FreeRTOS/Source/portable/MemMang/heap_4.o
START GROUP
LOAD D:/My_user/STM32CubeIDE_1.19.0/STM32CubeIDE/plugins/com.st.stm32cube.ide.mcu.externaltools.gnu-tools-for-stm32.13.3.rel1.win32_1.0.0.202411081344/tools/bin/../lib/gcc/arm-none-eabi/13.3.1/../../../../arm-none-eabi/lib/thumb/v7e-m+fp/hard\libc_nano.a
LOAD D:/My_user/STM32CubeIDE_1.19.0/STM32CubeIDE/plugins/com.st.stm32cube.ide.mcu.externaltools.gnu-tools-for-stm32.13.3.rel1.win32_1.0.0.202411081344/tools/bin/../lib/gcc/arm-none-eabi/13.3.1/../../../../arm-none-eabi/lib/thumb/v7e-m+fp/hard\libm.a
END GROUP
START GROUP
LOAD D:/My_user/STM32CubeIDE_1.19.0/STM32CubeIDE/plugins/com.st.stm32cube.ide.mcu.externaltools.gnu-tools-for-stm32.13.3.rel1.win32_1.0.0.202411081344/tools/bin/../lib/gcc/arm-none-eabi/13.3.1/thumb/v7e-m+fp/hard\libgcc.a
LOAD D:/My_user/STM32CubeIDE_1.19.0/STM32CubeIDE/plugins/com.st.stm32cube.ide.mcu.externaltools.gnu-tools-for-stm32.13.3.rel1.win32_1.0.0.202411081344/tools/bin/../lib/gcc/arm-none-eabi/13.3.1/../../../../arm-none-eabi/lib/thumb/v7e-m+fp/hard\libc_nano.a
END GROUP
START GROUP
LOAD D:/My_user/STM32CubeIDE_1.19.0/STM32CubeIDE/plugins/com.st.stm32cube.ide.mcu.externaltools.gnu-tools-for-stm32.13.3.rel1.win32_1.0.0.202411081344/tools/bin/../lib/gcc/arm-none-eabi/13.3.1/thumb/v7e-m+fp/hard\libgcc.a
LOAD D:/My_user/STM32CubeIDE_1.19.0/STM32CubeIDE/plugins/com.st.stm32cube.ide.mcu.externaltools.gnu-tools-for-stm32.13.3.rel1.win32_1.0.0.202411081344/tools/bin/../lib/gcc/arm-none-eabi/13.3.1/../../../../arm-none-eabi/lib/thumb/v7e-m+fp/hard\libc_nano.a
LOAD D:/My_user/STM32CubeIDE_1.19.0/STM32CubeIDE/plugins/com.st.stm32cube.ide.mcu.externaltools.gnu-tools-for-stm32.13.3.rel1.win32_1.0.0.202411081344/tools/bin/../lib/gcc/arm-none-eabi/13.3.1/../../../../arm-none-eabi/lib/thumb/v7e-m+fp/hard\libnosys.a
END GROUP
START GROUP
LOAD D:/My_user/STM32CubeIDE_1.19.0/STM32CubeIDE/plugins/com.st.stm32cube.ide.mcu.externaltools.gnu-tools-for-stm32.13.3.rel1.win32_1.0.0.202411081344/tools/bin/../lib/gcc/arm-none-eabi/13.3.1/thumb/v7e-m+fp/hard\libgcc.a
LOAD D:/My_user/STM32CubeIDE_1.19.0/STM32CubeIDE/plugins/com.st.stm32cube.ide.mcu.externaltools.gnu-tools-for-stm32.13.3.rel1.win32_1.0.0.202411081344/tools/bin/../lib/gcc/arm-none-eabi/13.3.1/../../../../arm-none-eabi/lib/thumb/v7e-m+fp/hard\libc_nano.a
LOAD D:/My_user/STM32CubeIDE_1.19.0/STM32CubeIDE/plugins/com.st.stm32cube.ide.mcu.externaltools.gnu-tools-for-stm32.13.3.rel1.win32_1.0.0.202411081344/tools/bin/../lib/gcc/arm-none-eabi/13.3.1/../../../../arm-none-eabi/lib/thumb/v7e-m+fp/hard\libnosys.a
END GROUP
LOAD D:/My_user/STM32CubeIDE_1.19.0/STM32CubeIDE/plugins/com.st.stm32cube.ide.mcu.externaltools.gnu-tools-for-stm32.13.3.rel1.win32_1.0.0.202411081344/tools/bin/../lib/gcc/arm-none-eabi/13.3.1/thumb/v7e-m+fp/hard/crtend.o
LOAD D:/My_user/STM32CubeIDE_1.19.0/STM32CubeIDE/plugins/com.st.stm32cube.ide.mcu.externaltools.gnu-tools-for-stm32.13.3.rel1.win32_1.0.0.202411081344/tools/bin/../lib/gcc/arm-none-eabi/13.3.1/thumb/v7e-m+fp/hard/crtn.o
                0x20018000                        _estack = (ORIGIN (RAM) + LENGTH (RAM))
                0x00000200                        _Min_Heap_Size = 0x200
                0x00000400                        _Min_Stack_Size = 0x400

.isr_vector     0x08000000      0x188
                0x08000000                        . = ALIGN (0x4)
 *(.isr_vector)
 .isr_vector    0x08000000      0x188 ./Core/Startup/startup_stm32l476rgtx.o
                0x08000000                g_pfnVectors
                0x08000188                        . = ALIGN (0x4)

.text           0x08000190     0x73e0
                0x08000190                        . = ALIGN (0x4)
 *(.text)
 .text          0x08000190       0x40 D:/My_user/STM32CubeIDE_1.19.0/STM32CubeIDE/plugins/com.st.stm32cube.ide.mcu.externaltools.gnu-tools-for-stm32.13.3.rel1.win32_1.0.0.202411081344/tools/bin/../lib/gcc/arm-none-eabi/13.3.1/thumb/v7e-m+fp/hard/crtbegin.o
 .text          0x080001d0       0x10 D:/My_user/STM32CubeIDE_1.19.0/STM32CubeIDE/plugins/com.st.stm32cube.ide.mcu.externaltools.gnu-tools-for-stm32.13.3.rel1.win32_1.0.0.202411081344/tools/bin/../lib/gcc/arm-none-eabi/13.3.1/../../../../arm-none-eabi/lib/thumb/v7e-m+fp/hard\libc_nano.a(libc_a-strlen.o)
                0x080001d0                strlen
 .text          0x080001e0       0xa0 D:/My_user/STM32CubeIDE_1.19.0/STM32CubeIDE/plugins/com.st.stm32cube.ide.mcu.externaltools.gnu-tools-for-stm32.13.3.rel1.win32_1.0.0.202411081344/tools/bin/../lib/gcc/arm-none-eabi/13.3.1/../../../../arm-none-eabi/lib/thumb/v7e-m+fp/hard\libc_nano.a(libc_a-memchr.o)
                0x080001e0                memchr
 .text          0x08000280       0x30 D:/My_user/STM32CubeIDE_1.19.0/STM32CubeIDE/plugins/com.st.stm32cube.ide.mcu.externaltools.gnu-tools-for-stm32.13.3.rel1.win32_1.0.0.202411081344/tools/bin/../lib/gcc/arm-none-eabi/13.3.1/thumb/v7e-m+fp/hard\libgcc.a(_aeabi_uldivmod.o)
                0x08000280                __aeabi_uldivmod
 .text          0x080002b0      0x2f8 D:/My_user/STM32CubeIDE_1.19.0/STM32CubeIDE/plugins/com.st.stm32cube.ide.mcu.externaltools.gnu-tools-for-stm32.13.3.rel1.win32_1.0.0.202411081344/tools/bin/../lib/gcc/arm-none-eabi/13.3.1/thumb/v7e-m+fp/hard\libgcc.a(_udivmoddi4.o)
                0x080002b0                __udivmoddi4
 .text          0x080005a8        0x4 D:/My_user/STM32CubeIDE_1.19.0/STM32CubeIDE/plugins/com.st.stm32cube.ide.mcu.externaltools.gnu-tools-for-stm32.13.3.rel1.win32_1.0.0.202411081344/tools/bin/../lib/gcc/arm-none-eabi/13.3.1/thumb/v7e-m+fp/hard\libgcc.a(_dvmd_tls.o)
                0x080005a8                __aeabi_idiv0
                0x080005a8                __aeabi_ldiv0
 *(.text*)
 .text.vApplicationGetIdleTaskMemory
                0x080005ac       0x34 ./Core/Src/freertos.o
                0x080005ac                vApplicationGetIdleTaskMemory
 .text.vApplicationGetTimerTaskMemory
                0x080005e0       0x34 ./Core/Src/freertos.o
                0x080005e0                vApplicationGetTimerTaskMemory
 .text.__NVIC_EnableIRQ
                0x08000614       0x3c ./Core/Src/main.o
 .text.__NVIC_SetPriority
                0x08000650       0x54 ./Core/Src/main.o
 .text.print_msg
                0x080006a4       0x28 ./Core/Src/main.o
                0x080006a4                print_msg
 .text.main     0x080006cc      0x134 ./Core/Src/main.o
                0x080006cc                main
 .text.vTask1_menu_display
                0x08000800       0x38 ./Core/Src/main.o
                0x08000800                vTask1_menu_display
 .text.vTask2_cmd_handling
                0x08000838       0x64 ./Core/Src/main.o
                0x08000838                vTask2_cmd_handling
 .text.vTask3_cmd_processing
                0x0800089c       0x9c ./Core/Src/main.o
                0x0800089c                vTask3_cmd_processing
 .text.vTask4_uart_write
                0x08000938       0x38 ./Core/Src/main.o
                0x08000938                vTask4_uart_write
 .text.USART2_IRQHandler
                0x08000970       0x9c ./Core/Src/main.o
                0x08000970                USART2_IRQHandler
 .text.getCommandCode
                0x08000a0c       0x1c ./Core/Src/main.o
                0x08000a0c                getCommandCode
 .text.getArguments
                0x08000a28       0x14 ./Core/Src/main.o
                0x08000a28                getArguments
 .text.make_led_on
                0x08000a3c       0x14 ./Core/Src/main.o
                0x08000a3c                make_led_on
 .text.make_led_off
                0x08000a50       0x14 ./Core/Src/main.o
                0x08000a50                make_led_off
 .text.led_toggle
                0x08000a64       0x1a ./Core/Src/main.o
                0x08000a64                led_toggle
 *fill*         0x08000a7e        0x2 
 .text.led_toggle_start
                0x08000a80       0x58 ./Core/Src/main.o
                0x08000a80                led_toggle_start
 .text.led_toggle_stop
                0x08000ad8       0x24 ./Core/Src/main.o
                0x08000ad8                led_toggle_stop
 .text.read_led_status
                0x08000afc       0x40 ./Core/Src/main.o
                0x08000afc                read_led_status
 .text.read_rtc_info
                0x08000b3c       0x6c ./Core/Src/main.o
                0x08000b3c                read_rtc_info
 .text.print_error_message
                0x08000ba8       0x34 ./Core/Src/main.o
                0x08000ba8                print_error_message
 .text.SystemClock_Config
                0x08000bdc       0xa6 ./Core/Src/main.o
                0x08000bdc                SystemClock_Config
 *fill*         0x08000c82        0x2 
 .text.MX_RTC_Init
                0x08000c84       0xb8 ./Core/Src/main.o
 .text.MX_USART2_UART_Init
                0x08000d3c       0x7c ./Core/Src/main.o
 .text.MX_GPIO_Init
                0x08000db8       0xcc ./Core/Src/main.o
 .text.Error_Handler
                0x08000e84        0xc ./Core/Src/main.o
                0x08000e84                Error_Handler
 .text.HAL_MspInit
                0x08000e90       0x50 ./Core/Src/stm32l4xx_hal_msp.o
                0x08000e90                HAL_MspInit
 .text.HAL_RTC_MspInit
                0x08000ee0       0x64 ./Core/Src/stm32l4xx_hal_msp.o
                0x08000ee0                HAL_RTC_MspInit
 .text.HAL_UART_MspInit
                0x08000f44       0xc8 ./Core/Src/stm32l4xx_hal_msp.o
                0x08000f44                HAL_UART_MspInit
 .text.NMI_Handler
                0x0800100c        0x8 ./Core/Src/stm32l4xx_it.o
                0x0800100c                NMI_Handler
 .text.HardFault_Handler
                0x08001014        0x8 ./Core/Src/stm32l4xx_it.o
                0x08001014                HardFault_Handler
 .text.MemManage_Handler
                0x0800101c        0x8 ./Core/Src/stm32l4xx_it.o
                0x0800101c                MemManage_Handler
 .text.BusFault_Handler
                0x08001024        0x8 ./Core/Src/stm32l4xx_it.o
                0x08001024                BusFault_Handler
 .text.UsageFault_Handler
                0x0800102c        0x8 ./Core/Src/stm32l4xx_it.o
                0x0800102c                UsageFault_Handler
 .text.DebugMon_Handler
                0x08001034        0xe ./Core/Src/stm32l4xx_it.o
                0x08001034                DebugMon_Handler
 .text.SysTick_Handler
                0x08001042       0x1a ./Core/Src/stm32l4xx_it.o
                0x08001042                SysTick_Handler
 .text._sbrk    0x0800105c       0x6c ./Core/Src/sysmem.o
                0x0800105c                _sbrk
 .text.SystemInit
                0x080010c8       0x24 ./Core/Src/system_stm32l4xx.o
                0x080010c8                SystemInit
 .text.Reset_Handler
                0x080010ec       0x50 ./Core/Startup/startup_stm32l476rgtx.o
                0x080010ec                Reset_Handler
 .text.Default_Handler
                0x0800113c        0x2 ./Core/Startup/startup_stm32l476rgtx.o
                0x0800113c                RTC_Alarm_IRQHandler
                0x0800113c                EXTI2_IRQHandler
                0x0800113c                TIM8_TRG_COM_IRQHandler
                0x0800113c                TIM8_CC_IRQHandler
                0x0800113c                TIM1_CC_IRQHandler
                0x0800113c                TSC_IRQHandler
                0x0800113c                TAMP_STAMP_IRQHandler
                0x0800113c                EXTI3_IRQHandler
                0x0800113c                LPTIM2_IRQHandler
                0x0800113c                DFSDM1_FLT1_IRQHandler
                0x0800113c                I2C3_ER_IRQHandler
                0x0800113c                DFSDM1_FLT2_IRQHandler
                0x0800113c                EXTI0_IRQHandler
                0x0800113c                I2C2_EV_IRQHandler
                0x0800113c                CAN1_RX0_IRQHandler
                0x0800113c                FPU_IRQHandler
                0x0800113c                TIM1_UP_TIM16_IRQHandler
                0x0800113c                ADC1_2_IRQHandler
                0x0800113c                SPI1_IRQHandler
                0x0800113c                TIM6_DAC_IRQHandler
                0x0800113c                TIM8_UP_IRQHandler
                0x0800113c                DMA2_Channel2_IRQHandler
                0x0800113c                DMA1_Channel4_IRQHandler
                0x0800113c                SAI2_IRQHandler
                0x0800113c                DFSDM1_FLT3_IRQHandler
                0x0800113c                USART3_IRQHandler
                0x0800113c                DMA1_Channel7_IRQHandler
                0x0800113c                CAN1_RX1_IRQHandler
                0x0800113c                LCD_IRQHandler
                0x0800113c                UART5_IRQHandler
                0x0800113c                ADC3_IRQHandler
                0x0800113c                TIM4_IRQHandler
                0x0800113c                DMA2_Channel1_IRQHandler
                0x0800113c                QUADSPI_IRQHandler
                0x0800113c                I2C1_EV_IRQHandler
                0x0800113c                DMA1_Channel6_IRQHandler
                0x0800113c                UART4_IRQHandler
                0x0800113c                DMA2_Channel4_IRQHandler
                0x0800113c                TIM3_IRQHandler
                0x0800113c                RCC_IRQHandler
                0x0800113c                DMA1_Channel1_IRQHandler
                0x0800113c                Default_Handler
                0x0800113c                DMA2_Channel7_IRQHandler
                0x0800113c                EXTI15_10_IRQHandler
                0x0800113c                TIM7_IRQHandler
                0x0800113c                SDMMC1_IRQHandler
                0x0800113c                TIM5_IRQHandler
                0x0800113c                I2C3_EV_IRQHandler
                0x0800113c                EXTI9_5_IRQHandler
                0x0800113c                RTC_WKUP_IRQHandler
                0x0800113c                PVD_PVM_IRQHandler
                0x0800113c                SPI2_IRQHandler
                0x0800113c                CAN1_TX_IRQHandler
                0x0800113c                DMA2_Channel5_IRQHandler
                0x0800113c                DMA1_Channel5_IRQHandler
                0x0800113c                EXTI4_IRQHandler
                0x0800113c                RNG_IRQHandler
                0x0800113c                TIM1_TRG_COM_TIM17_IRQHandler
                0x0800113c                DMA1_Channel3_IRQHandler
                0x0800113c                COMP_IRQHandler
                0x0800113c                WWDG_IRQHandler
                0x0800113c                LPUART1_IRQHandler
                0x0800113c                DMA2_Channel6_IRQHandler
                0x0800113c                TIM2_IRQHandler
                0x0800113c                EXTI1_IRQHandler
                0x0800113c                DFSDM1_FLT0_IRQHandler
                0x0800113c                I2C2_ER_IRQHandler
                0x0800113c                DMA1_Channel2_IRQHandler
                0x0800113c                TIM8_BRK_IRQHandler
                0x0800113c                CAN1_SCE_IRQHandler
                0x0800113c                FLASH_IRQHandler
                0x0800113c                USART1_IRQHandler
                0x0800113c                OTG_FS_IRQHandler
                0x0800113c                SPI3_IRQHandler
                0x0800113c                I2C1_ER_IRQHandler
                0x0800113c                FMC_IRQHandler
                0x0800113c                SWPMI1_IRQHandler
                0x0800113c                LPTIM1_IRQHandler
                0x0800113c                SAI1_IRQHandler
                0x0800113c                DMA2_Channel3_IRQHandler
                0x0800113c                TIM1_BRK_TIM15_IRQHandler
 *fill*         0x0800113e        0x2 
 .text.HAL_Init
                0x08001140       0x40 ./Drivers/STM32L4xx_HAL_Driver/Src/stm32l4xx_hal.o
                0x08001140                HAL_Init
 .text.HAL_InitTick
                0x08001180       0x78 ./Drivers/STM32L4xx_HAL_Driver/Src/stm32l4xx_hal.o
                0x08001180                HAL_InitTick
 .text.HAL_IncTick
                0x080011f8       0x28 ./Drivers/STM32L4xx_HAL_Driver/Src/stm32l4xx_hal.o
                0x080011f8                HAL_IncTick
 .text.HAL_GetTick
                0x08001220       0x18 ./Drivers/STM32L4xx_HAL_Driver/Src/stm32l4xx_hal.o
                0x08001220                HAL_GetTick
 .text.__NVIC_SetPriorityGrouping
                0x08001238       0x48 ./Drivers/STM32L4xx_HAL_Driver/Src/stm32l4xx_hal_cortex.o
 .text.__NVIC_GetPriorityGrouping
                0x08001280       0x1c ./Drivers/STM32L4xx_HAL_Driver/Src/stm32l4xx_hal_cortex.o
 .text.__NVIC_EnableIRQ
                0x0800129c       0x3c ./Drivers/STM32L4xx_HAL_Driver/Src/stm32l4xx_hal_cortex.o
 .text.__NVIC_SetPriority
                0x080012d8       0x54 ./Drivers/STM32L4xx_HAL_Driver/Src/stm32l4xx_hal_cortex.o
 .text.NVIC_EncodePriority
                0x0800132c       0x66 ./Drivers/STM32L4xx_HAL_Driver/Src/stm32l4xx_hal_cortex.o
 *fill*         0x08001392        0x2 
 .text.SysTick_Config
                0x08001394       0x44 ./Drivers/STM32L4xx_HAL_Driver/Src/stm32l4xx_hal_cortex.o
 .text.HAL_NVIC_SetPriorityGrouping
                0x080013d8       0x16 ./Drivers/STM32L4xx_HAL_Driver/Src/stm32l4xx_hal_cortex.o
                0x080013d8                HAL_NVIC_SetPriorityGrouping
 .text.HAL_NVIC_SetPriority
                0x080013ee       0x38 ./Drivers/STM32L4xx_HAL_Driver/Src/stm32l4xx_hal_cortex.o
                0x080013ee                HAL_NVIC_SetPriority
 .text.HAL_NVIC_EnableIRQ
                0x08001426       0x1c ./Drivers/STM32L4xx_HAL_Driver/Src/stm32l4xx_hal_cortex.o
                0x08001426                HAL_NVIC_EnableIRQ
 .text.HAL_SYSTICK_Config
                0x08001442       0x18 ./Drivers/STM32L4xx_HAL_Driver/Src/stm32l4xx_hal_cortex.o
                0x08001442                HAL_SYSTICK_Config
 *fill*         0x0800145a        0x2 
 .text.HAL_GPIO_Init
                0x0800145c      0x354 ./Drivers/STM32L4xx_HAL_Driver/Src/stm32l4xx_hal_gpio.o
                0x0800145c                HAL_GPIO_Init
 .text.HAL_GPIO_ReadPin
                0x080017b0       0x30 ./Drivers/STM32L4xx_HAL_Driver/Src/stm32l4xx_hal_gpio.o
                0x080017b0                HAL_GPIO_ReadPin
 .text.HAL_GPIO_WritePin
                0x080017e0       0x30 ./Drivers/STM32L4xx_HAL_Driver/Src/stm32l4xx_hal_gpio.o
                0x080017e0                HAL_GPIO_WritePin
 .text.HAL_GPIO_TogglePin
                0x08001810       0x34 ./Drivers/STM32L4xx_HAL_Driver/Src/stm32l4xx_hal_gpio.o
                0x08001810                HAL_GPIO_TogglePin
 .text.HAL_PWREx_GetVoltageRange
                0x08001844       0x1c ./Drivers/STM32L4xx_HAL_Driver/Src/stm32l4xx_hal_pwr_ex.o
                0x08001844                HAL_PWREx_GetVoltageRange
 .text.HAL_PWREx_ControlVoltageScaling
                0x08001860       0xac ./Drivers/STM32L4xx_HAL_Driver/Src/stm32l4xx_hal_pwr_ex.o
                0x08001860                HAL_PWREx_ControlVoltageScaling
 .text.HAL_RCC_OscConfig
                0x0800190c      0x7b8 ./Drivers/STM32L4xx_HAL_Driver/Src/stm32l4xx_hal_rcc.o
                0x0800190c                HAL_RCC_OscConfig
 .text.HAL_RCC_ClockConfig
                0x080020c4      0x200 ./Drivers/STM32L4xx_HAL_Driver/Src/stm32l4xx_hal_rcc.o
                0x080020c4                HAL_RCC_ClockConfig
 .text.HAL_RCC_GetSysClockFreq
                0x080022c4      0x118 ./Drivers/STM32L4xx_HAL_Driver/Src/stm32l4xx_hal_rcc.o
                0x080022c4                HAL_RCC_GetSysClockFreq
 .text.HAL_RCC_GetHCLKFreq
                0x080023dc       0x18 ./Drivers/STM32L4xx_HAL_Driver/Src/stm32l4xx_hal_rcc.o
                0x080023dc                HAL_RCC_GetHCLKFreq
 .text.HAL_RCC_GetPCLK1Freq
                0x080023f4       0x2c ./Drivers/STM32L4xx_HAL_Driver/Src/stm32l4xx_hal_rcc.o
                0x080023f4                HAL_RCC_GetPCLK1Freq
 .text.HAL_RCC_GetPCLK2Freq
                0x08002420       0x2c ./Drivers/STM32L4xx_HAL_Driver/Src/stm32l4xx_hal_rcc.o
                0x08002420                HAL_RCC_GetPCLK2Freq
 .text.RCC_SetFlashLatencyFromMSIRange
                0x0800244c       0xc0 ./Drivers/STM32L4xx_HAL_Driver/Src/stm32l4xx_hal_rcc.o
 .text.HAL_RCCEx_PeriphCLKConfig
                0x0800250c      0x5d4 ./Drivers/STM32L4xx_HAL_Driver/Src/stm32l4xx_hal_rcc_ex.o
                0x0800250c                HAL_RCCEx_PeriphCLKConfig
 .text.RCCEx_PLLSAI1_Config
                0x08002ae0      0x1e8 ./Drivers/STM32L4xx_HAL_Driver/Src/stm32l4xx_hal_rcc_ex.o
 .text.RCCEx_PLLSAI2_Config
                0x08002cc8      0x1bc ./Drivers/STM32L4xx_HAL_Driver/Src/stm32l4xx_hal_rcc_ex.o
 .text.HAL_RTC_Init
                0x08002e84      0x110 ./Drivers/STM32L4xx_HAL_Driver/Src/stm32l4xx_hal_rtc.o
                0x08002e84                HAL_RTC_Init
 .text.HAL_RTC_SetTime
                0x08002f94      0x13a ./Drivers/STM32L4xx_HAL_Driver/Src/stm32l4xx_hal_rtc.o
                0x08002f94                HAL_RTC_SetTime
 .text.HAL_RTC_GetTime
                0x080030ce       0xb8 ./Drivers/STM32L4xx_HAL_Driver/Src/stm32l4xx_hal_rtc.o
                0x080030ce                HAL_RTC_GetTime
 .text.HAL_RTC_SetDate
                0x08003186      0x10e ./Drivers/STM32L4xx_HAL_Driver/Src/stm32l4xx_hal_rtc.o
                0x08003186                HAL_RTC_SetDate
 .text.HAL_RTC_GetDate
                0x08003294       0x9a ./Drivers/STM32L4xx_HAL_Driver/Src/stm32l4xx_hal_rtc.o
                0x08003294                HAL_RTC_GetDate
 *fill*         0x0800332e        0x2 
 .text.HAL_RTC_WaitForSynchro
                0x08003330       0x48 ./Drivers/STM32L4xx_HAL_Driver/Src/stm32l4xx_hal_rtc.o
                0x08003330                HAL_RTC_WaitForSynchro
 .text.RTC_EnterInitMode
                0x08003378       0x66 ./Drivers/STM32L4xx_HAL_Driver/Src/stm32l4xx_hal_rtc.o
                0x08003378                RTC_EnterInitMode
 *fill*         0x080033de        0x2 
 .text.RTC_ExitInitMode
                0x080033e0       0x7c ./Drivers/STM32L4xx_HAL_Driver/Src/stm32l4xx_hal_rtc.o
                0x080033e0                RTC_ExitInitMode
 .text.RTC_ByteToBcd2
                0x0800345c       0x40 ./Drivers/STM32L4xx_HAL_Driver/Src/stm32l4xx_hal_rtc.o
                0x0800345c                RTC_ByteToBcd2
 .text.RTC_Bcd2ToByte
                0x0800349c       0x34 ./Drivers/STM32L4xx_HAL_Driver/Src/stm32l4xx_hal_rtc.o
                0x0800349c                RTC_Bcd2ToByte
 .text.HAL_UART_Init
                0x080034d0       0x9c ./Drivers/STM32L4xx_HAL_Driver/Src/stm32l4xx_hal_uart.o
                0x080034d0                HAL_UART_Init
 .text.HAL_UART_Transmit
                0x0800356c      0x126 ./Drivers/STM32L4xx_HAL_Driver/Src/stm32l4xx_hal_uart.o
                0x0800356c                HAL_UART_Transmit
 *fill*         0x08003692        0x2 
 .text.UART_SetConfig
                0x08003694      0x570 ./Drivers/STM32L4xx_HAL_Driver/Src/stm32l4xx_hal_uart.o
                0x08003694                UART_SetConfig
 .text.UART_AdvFeatureConfig
                0x08003c04      0x144 ./Drivers/STM32L4xx_HAL_Driver/Src/stm32l4xx_hal_uart.o
                0x08003c04                UART_AdvFeatureConfig
 .text.UART_CheckIdleState
                0x08003d48      0x150 ./Drivers/STM32L4xx_HAL_Driver/Src/stm32l4xx_hal_uart.o
                0x08003d48                UART_CheckIdleState
 .text.UART_WaitOnFlagUntilTimeout
                0x08003e98       0xda ./Drivers/STM32L4xx_HAL_Driver/Src/stm32l4xx_hal_uart.o
                0x08003e98                UART_WaitOnFlagUntilTimeout
 .text.UART_EndRxTransfer
                0x08003f72       0xc8 ./Drivers/STM32L4xx_HAL_Driver/Src/stm32l4xx_hal_uart.o
 .text.osKernelStart
                0x0800403a        0xe ./Middlewares/Third_Party/FreeRTOS/Source/CMSIS_RTOS/cmsis_os.o
                0x0800403a                osKernelStart
 .text.vListInitialise
                0x08004048       0x40 ./Middlewares/Third_Party/FreeRTOS/Source/list.o
                0x08004048                vListInitialise
 .text.vListInitialiseItem
                0x08004088       0x1a ./Middlewares/Third_Party/FreeRTOS/Source/list.o
                0x08004088                vListInitialiseItem
 .text.vListInsertEnd
                0x080040a2       0x48 ./Middlewares/Third_Party/FreeRTOS/Source/list.o
                0x080040a2                vListInsertEnd
 .text.vListInsert
                0x080040ea       0x72 ./Middlewares/Third_Party/FreeRTOS/Source/list.o
                0x080040ea                vListInsert
 .text.uxListRemove
                0x0800415c       0x54 ./Middlewares/Third_Party/FreeRTOS/Source/list.o
                0x0800415c                uxListRemove
 .text.xQueueGenericReset
                0x080041b0       0xd4 ./Middlewares/Third_Party/FreeRTOS/Source/queue.o
                0x080041b0                xQueueGenericReset
 .text.xQueueGenericCreateStatic
                0x08004284       0xfa ./Middlewares/Third_Party/FreeRTOS/Source/queue.o
                0x08004284                xQueueGenericCreateStatic
 .text.xQueueGenericCreate
                0x0800437e       0x76 ./Middlewares/Third_Party/FreeRTOS/Source/queue.o
                0x0800437e                xQueueGenericCreate
 .text.prvInitialiseNewQueue
                0x080043f4       0x3e ./Middlewares/Third_Party/FreeRTOS/Source/queue.o
 *fill*         0x08004432        0x2 
 .text.xQueueGenericSend
                0x08004434      0x204 ./Middlewares/Third_Party/FreeRTOS/Source/queue.o
                0x08004434                xQueueGenericSend
 .text.xQueueGenericSendFromISR
                0x08004638      0x13c ./Middlewares/Third_Party/FreeRTOS/Source/queue.o
                0x08004638                xQueueGenericSendFromISR
 .text.xQueueReceive
                0x08004774      0x1c4 ./Middlewares/Third_Party/FreeRTOS/Source/queue.o
                0x08004774                xQueueReceive
 .text.prvCopyDataToQueue
                0x08004938       0xd4 ./Middlewares/Third_Party/FreeRTOS/Source/queue.o
 .text.prvCopyDataFromQueue
                0x08004a0c       0x4c ./Middlewares/Third_Party/FreeRTOS/Source/queue.o
 .text.prvUnlockQueue
                0x08004a58       0xa4 ./Middlewares/Third_Party/FreeRTOS/Source/queue.o
 .text.prvIsQueueEmpty
                0x08004afc       0x2c ./Middlewares/Third_Party/FreeRTOS/Source/queue.o
 .text.prvIsQueueFull
                0x08004b28       0x30 ./Middlewares/Third_Party/FreeRTOS/Source/queue.o
 .text.vQueueAddToRegistry
                0x08004b58       0x54 ./Middlewares/Third_Party/FreeRTOS/Source/queue.o
                0x08004b58                vQueueAddToRegistry
 .text.vQueueWaitForMessageRestricted
                0x08004bac       0x68 ./Middlewares/Third_Party/FreeRTOS/Source/queue.o
                0x08004bac                vQueueWaitForMessageRestricted
 .text.xTaskCreateStatic
                0x08004c14       0xc0 ./Middlewares/Third_Party/FreeRTOS/Source/tasks.o
                0x08004c14                xTaskCreateStatic
 .text.xTaskCreate
                0x08004cd4       0x8a ./Middlewares/Third_Party/FreeRTOS/Source/tasks.o
                0x08004cd4                xTaskCreate
 .text.prvInitialiseNewTask
                0x08004d5e      0x110 ./Middlewares/Third_Party/FreeRTOS/Source/tasks.o
 *fill*         0x08004e6e        0x2 
 .text.prvAddNewTaskToReadyList
                0x08004e70       0xd4 ./Middlewares/Third_Party/FreeRTOS/Source/tasks.o
 .text.vTaskStartScheduler
                0x08004f44       0xd0 ./Middlewares/Third_Party/FreeRTOS/Source/tasks.o
                0x08004f44                vTaskStartScheduler
 .text.vTaskSuspendAll
                0x08005014       0x1c ./Middlewares/Third_Party/FreeRTOS/Source/tasks.o
                0x08005014                vTaskSuspendAll
 .text.xTaskResumeAll
                0x08005030      0x13c ./Middlewares/Third_Party/FreeRTOS/Source/tasks.o
                0x08005030                xTaskResumeAll
 .text.xTaskGetTickCount
                0x0800516c       0x20 ./Middlewares/Third_Party/FreeRTOS/Source/tasks.o
                0x0800516c                xTaskGetTickCount
 .text.xTaskIncrementTick
                0x0800518c      0x174 ./Middlewares/Third_Party/FreeRTOS/Source/tasks.o
                0x0800518c                xTaskIncrementTick
 .text.vTaskSwitchContext
                0x08005300       0xb8 ./Middlewares/Third_Party/FreeRTOS/Source/tasks.o
                0x08005300                vTaskSwitchContext
 .text.vTaskPlaceOnEventList
                0x080053b8       0x4c ./Middlewares/Third_Party/FreeRTOS/Source/tasks.o
                0x080053b8                vTaskPlaceOnEventList
 .text.vTaskPlaceOnEventListRestricted
                0x08005404       0x58 ./Middlewares/Third_Party/FreeRTOS/Source/tasks.o
                0x08005404                vTaskPlaceOnEventListRestricted
 .text.xTaskRemoveFromEventList
                0x0800545c       0xc8 ./Middlewares/Third_Party/FreeRTOS/Source/tasks.o
                0x0800545c                xTaskRemoveFromEventList
 .text.vTaskInternalSetTimeOutState
                0x08005524       0x2c ./Middlewares/Third_Party/FreeRTOS/Source/tasks.o
                0x08005524                vTaskInternalSetTimeOutState
 .text.xTaskCheckForTimeOut
                0x08005550       0xc8 ./Middlewares/Third_Party/FreeRTOS/Source/tasks.o
                0x08005550                xTaskCheckForTimeOut
 .text.vTaskMissedYield
                0x08005618       0x18 ./Middlewares/Third_Party/FreeRTOS/Source/tasks.o
                0x08005618                vTaskMissedYield
 .text.prvIdleTask
                0x08005630       0x30 ./Middlewares/Third_Party/FreeRTOS/Source/tasks.o
 .text.prvInitialiseTaskLists
                0x08005660       0x80 ./Middlewares/Third_Party/FreeRTOS/Source/tasks.o
 .text.prvCheckTasksWaitingTermination
                0x080056e0       0x5c ./Middlewares/Third_Party/FreeRTOS/Source/tasks.o
 .text.prvDeleteTCB
                0x0800573c       0x60 ./Middlewares/Third_Party/FreeRTOS/Source/tasks.o
 .text.prvResetNextTaskUnblockTime
                0x0800579c       0x40 ./Middlewares/Third_Party/FreeRTOS/Source/tasks.o
 .text.xTaskGetSchedulerState
                0x080057dc       0x3c ./Middlewares/Third_Party/FreeRTOS/Source/tasks.o
                0x080057dc                xTaskGetSchedulerState
 .text.xTaskPriorityDisinherit
                0x08005818      0x110 ./Middlewares/Third_Party/FreeRTOS/Source/tasks.o
                0x08005818                xTaskPriorityDisinherit
 .text.xTaskNotifyWait
                0x08005928       0xb4 ./Middlewares/Third_Party/FreeRTOS/Source/tasks.o
                0x08005928                xTaskNotifyWait
 .text.xTaskGenericNotifyFromISR
                0x080059dc      0x1bc ./Middlewares/Third_Party/FreeRTOS/Source/tasks.o
                0x080059dc                xTaskGenericNotifyFromISR
 .text.prvAddCurrentTaskToDelayedList
                0x08005b98       0xcc ./Middlewares/Third_Party/FreeRTOS/Source/tasks.o
 .text.xTimerCreateTimerTask
                0x08005c64       0x94 ./Middlewares/Third_Party/FreeRTOS/Source/timers.o
                0x08005c64                xTimerCreateTimerTask
 .text.xTimerCreate
                0x08005cf8       0x42 ./Middlewares/Third_Party/FreeRTOS/Source/timers.o
                0x08005cf8                xTimerCreate
 .text.prvInitialiseNewTimer
                0x08005d3a       0x78 ./Middlewares/Third_Party/FreeRTOS/Source/timers.o
 *fill*         0x08005db2        0x2 
 .text.xTimerGenericCommand
                0x08005db4       0x9c ./Middlewares/Third_Party/FreeRTOS/Source/timers.o
                0x08005db4                xTimerGenericCommand
 .text.prvProcessExpiredTimer
                0x08005e50       0x9c ./Middlewares/Third_Party/FreeRTOS/Source/timers.o
 .text.prvTimerTask
                0x08005eec       0x26 ./Middlewares/Third_Party/FreeRTOS/Source/timers.o
 *fill*         0x08005f12        0x2 
 .text.prvProcessTimerOrBlockTask
                0x08005f14       0x9c ./Middlewares/Third_Party/FreeRTOS/Source/timers.o
 .text.prvGetNextExpireTime
                0x08005fb0       0x48 ./Middlewares/Third_Party/FreeRTOS/Source/timers.o
 .text.prvSampleTimeNow
                0x08005ff8       0x40 ./Middlewares/Third_Party/FreeRTOS/Source/timers.o
 .text.prvInsertTimerInActiveList
                0x08006038       0x84 ./Middlewares/Third_Party/FreeRTOS/Source/timers.o
 .text.prvProcessReceivedCommands
                0x080060bc      0x194 ./Middlewares/Third_Party/FreeRTOS/Source/timers.o
 .text.prvSwitchTimerLists
                0x08006250       0xcc ./Middlewares/Third_Party/FreeRTOS/Source/timers.o
 .text.prvCheckForValidListAndQueue
                0x0800631c       0x80 ./Middlewares/Third_Party/FreeRTOS/Source/timers.o
 .text.pxPortInitialiseStack
                0x0800639c       0x68 ./Middlewares/Third_Party/FreeRTOS/Source/portable/GCC/ARM_CM4F/port.o
                0x0800639c                pxPortInitialiseStack
 .text.prvTaskExitError
                0x08006404       0x5c ./Middlewares/Third_Party/FreeRTOS/Source/portable/GCC/ARM_CM4F/port.o
 .text.SVC_Handler
                0x08006460       0x28 ./Middlewares/Third_Party/FreeRTOS/Source/portable/GCC/ARM_CM4F/port.o
                0x08006460                SVC_Handler
 .text.prvPortStartFirstTask
                0x08006488       0x28 ./Middlewares/Third_Party/FreeRTOS/Source/portable/GCC/ARM_CM4F/port.o
 .text.xPortStartScheduler
                0x080064b0      0x148 ./Middlewares/Third_Party/FreeRTOS/Source/portable/GCC/ARM_CM4F/port.o
                0x080064b0                xPortStartScheduler
 .text.vPortEnterCritical
                0x080065f8       0x64 ./Middlewares/Third_Party/FreeRTOS/Source/portable/GCC/ARM_CM4F/port.o
                0x080065f8                vPortEnterCritical
 .text.vPortExitCritical
                0x0800665c       0x54 ./Middlewares/Third_Party/FreeRTOS/Source/portable/GCC/ARM_CM4F/port.o
                0x0800665c                vPortExitCritical
 .text.PendSV_Handler
                0x080066b0       0x68 ./Middlewares/Third_Party/FreeRTOS/Source/portable/GCC/ARM_CM4F/port.o
                0x080066b0                PendSV_Handler
 .text.xPortSysTickHandler
                0x08006718       0x44 ./Middlewares/Third_Party/FreeRTOS/Source/portable/GCC/ARM_CM4F/port.o
                0x08006718                xPortSysTickHandler
 .text.vPortSetupTimerInterrupt
                0x0800675c       0x48 ./Middlewares/Third_Party/FreeRTOS/Source/portable/GCC/ARM_CM4F/port.o
                0x0800675c                vPortSetupTimerInterrupt
 .text.vPortEnableVFP
                0x080067a4       0x14 ./Middlewares/Third_Party/FreeRTOS/Source/portable/GCC/ARM_CM4F/port.o
 .text.vPortValidateInterruptPriority
                0x080067b8       0x84 ./Middlewares/Third_Party/FreeRTOS/Source/portable/GCC/ARM_CM4F/port.o
                0x080067b8                vPortValidateInterruptPriority
 .text.pvPortMalloc
                0x0800683c      0x19c ./Middlewares/Third_Party/FreeRTOS/Source/portable/MemMang/heap_4.o
                0x0800683c                pvPortMalloc
 .text.vPortFree
                0x080069d8       0xc8 ./Middlewares/Third_Party/FreeRTOS/Source/portable/MemMang/heap_4.o
                0x080069d8                vPortFree
 .text.prvHeapInit
                0x08006aa0       0xc4 ./Middlewares/Third_Party/FreeRTOS/Source/portable/MemMang/heap_4.o
 .text.prvInsertBlockIntoFreeList
                0x08006b64       0xb4 ./Middlewares/Third_Party/FreeRTOS/Source/portable/MemMang/heap_4.o
 .text.sprintf  0x08006c18       0x44 D:/My_user/STM32CubeIDE_1.19.0/STM32CubeIDE/plugins/com.st.stm32cube.ide.mcu.externaltools.gnu-tools-for-stm32.13.3.rel1.win32_1.0.0.202411081344/tools/bin/../lib/gcc/arm-none-eabi/13.3.1/../../../../arm-none-eabi/lib/thumb/v7e-m+fp/hard\libc_nano.a(libc_a-sprintf.o)
                0x08006c18                siprintf
                0x08006c18                sprintf
 .text.memset   0x08006c5c       0x10 D:/My_user/STM32CubeIDE_1.19.0/STM32CubeIDE/plugins/com.st.stm32cube.ide.mcu.externaltools.gnu-tools-for-stm32.13.3.rel1.win32_1.0.0.202411081344/tools/bin/../lib/gcc/arm-none-eabi/13.3.1/../../../../arm-none-eabi/lib/thumb/v7e-m+fp/hard\libc_nano.a(libc_a-memset.o)
                0x08006c5c                memset
 .text.__errno  0x08006c6c        0xc D:/My_user/STM32CubeIDE_1.19.0/STM32CubeIDE/plugins/com.st.stm32cube.ide.mcu.externaltools.gnu-tools-for-stm32.13.3.rel1.win32_1.0.0.202411081344/tools/bin/../lib/gcc/arm-none-eabi/13.3.1/../../../../arm-none-eabi/lib/thumb/v7e-m+fp/hard\libc_nano.a(libc_a-errno.o)
                0x08006c6c                __errno
 .text.__libc_init_array
                0x08006c78       0x48 D:/My_user/STM32CubeIDE_1.19.0/STM32CubeIDE/plugins/com.st.stm32cube.ide.mcu.externaltools.gnu-tools-for-stm32.13.3.rel1.win32_1.0.0.202411081344/tools/bin/../lib/gcc/arm-none-eabi/13.3.1/../../../../arm-none-eabi/lib/thumb/v7e-m+fp/hard\libc_nano.a(libc_a-init.o)
                0x08006c78                __libc_init_array
 .text.__retarget_lock_acquire_recursive
                0x08006cc0        0x2 D:/My_user/STM32CubeIDE_1.19.0/STM32CubeIDE/plugins/com.st.stm32cube.ide.mcu.externaltools.gnu-tools-for-stm32.13.3.rel1.win32_1.0.0.202411081344/tools/bin/../lib/gcc/arm-none-eabi/13.3.1/../../../../arm-none-eabi/lib/thumb/v7e-m+fp/hard\libc_nano.a(libc_a-lock.o)
                0x08006cc0                __retarget_lock_acquire_recursive
 .text.__retarget_lock_release_recursive
                0x08006cc2        0x2 D:/My_user/STM32CubeIDE_1.19.0/STM32CubeIDE/plugins/com.st.stm32cube.ide.mcu.externaltools.gnu-tools-for-stm32.13.3.rel1.win32_1.0.0.202411081344/tools/bin/../lib/gcc/arm-none-eabi/13.3.1/../../../../arm-none-eabi/lib/thumb/v7e-m+fp/hard\libc_nano.a(libc_a-lock.o)
                0x08006cc2                __retarget_lock_release_recursive
 .text.memcpy   0x08006cc4       0x1c D:/My_user/STM32CubeIDE_1.19.0/STM32CubeIDE/plugins/com.st.stm32cube.ide.mcu.externaltools.gnu-tools-for-stm32.13.3.rel1.win32_1.0.0.202411081344/tools/bin/../lib/gcc/arm-none-eabi/13.3.1/../../../../arm-none-eabi/lib/thumb/v7e-m+fp/hard\libc_nano.a(libc_a-memcpy-stub.o)
                0x08006cc4                memcpy
 .text._free_r  0x08006ce0       0x94 D:/My_user/STM32CubeIDE_1.19.0/STM32CubeIDE/plugins/com.st.stm32cube.ide.mcu.externaltools.gnu-tools-for-stm32.13.3.rel1.win32_1.0.0.202411081344/tools/bin/../lib/gcc/arm-none-eabi/13.3.1/../../../../arm-none-eabi/lib/thumb/v7e-m+fp/hard\libc_nano.a(libc_a-freer.o)
                0x08006ce0                _free_r
 .text.sbrk_aligned
                0x08006d74       0x44 D:/My_user/STM32CubeIDE_1.19.0/STM32CubeIDE/plugins/com.st.stm32cube.ide.mcu.externaltools.gnu-tools-for-stm32.13.3.rel1.win32_1.0.0.202411081344/tools/bin/../lib/gcc/arm-none-eabi/13.3.1/../../../../arm-none-eabi/lib/thumb/v7e-m+fp/hard\libc_nano.a(libc_a-mallocr.o)
 .text._malloc_r
                0x08006db8      0x100 D:/My_user/STM32CubeIDE_1.19.0/STM32CubeIDE/plugins/com.st.stm32cube.ide.mcu.externaltools.gnu-tools-for-stm32.13.3.rel1.win32_1.0.0.202411081344/tools/bin/../lib/gcc/arm-none-eabi/13.3.1/../../../../arm-none-eabi/lib/thumb/v7e-m+fp/hard\libc_nano.a(libc_a-mallocr.o)
                0x08006db8                _malloc_r
 .text.__malloc_lock
                0x08006eb8        0xc D:/My_user/STM32CubeIDE_1.19.0/STM32CubeIDE/plugins/com.st.stm32cube.ide.mcu.externaltools.gnu-tools-for-stm32.13.3.rel1.win32_1.0.0.202411081344/tools/bin/../lib/gcc/arm-none-eabi/13.3.1/../../../../arm-none-eabi/lib/thumb/v7e-m+fp/hard\libc_nano.a(libc_a-mlock.o)
                0x08006eb8                __malloc_lock
 .text.__malloc_unlock
                0x08006ec4        0xc D:/My_user/STM32CubeIDE_1.19.0/STM32CubeIDE/plugins/com.st.stm32cube.ide.mcu.externaltools.gnu-tools-for-stm32.13.3.rel1.win32_1.0.0.202411081344/tools/bin/../lib/gcc/arm-none-eabi/13.3.1/../../../../arm-none-eabi/lib/thumb/v7e-m+fp/hard\libc_nano.a(libc_a-mlock.o)
                0x08006ec4                __malloc_unlock
 .text.__ssputs_r
                0x08006ed0       0xb6 D:/My_user/STM32CubeIDE_1.19.0/STM32CubeIDE/plugins/com.st.stm32cube.ide.mcu.externaltools.gnu-tools-for-stm32.13.3.rel1.win32_1.0.0.202411081344/tools/bin/../lib/gcc/arm-none-eabi/13.3.1/../../../../arm-none-eabi/lib/thumb/v7e-m+fp/hard\libc_nano.a(libc_a-nano-svfprintf.o)
                0x08006ed0                __ssputs_r
 *fill*         0x08006f86        0x2 
 .text._svfprintf_r
                0x08006f88      0x1f8 D:/My_user/STM32CubeIDE_1.19.0/STM32CubeIDE/plugins/com.st.stm32cube.ide.mcu.externaltools.gnu-tools-for-stm32.13.3.rel1.win32_1.0.0.202411081344/tools/bin/../lib/gcc/arm-none-eabi/13.3.1/../../../../arm-none-eabi/lib/thumb/v7e-m+fp/hard\libc_nano.a(libc_a-nano-svfprintf.o)
                0x08006f88                _svfiprintf_r
                0x08006f88                _svfprintf_r
 .text._printf_common
                0x08007180       0xda D:/My_user/STM32CubeIDE_1.19.0/STM32CubeIDE/plugins/com.st.stm32cube.ide.mcu.externaltools.gnu-tools-for-stm32.13.3.rel1.win32_1.0.0.202411081344/tools/bin/../lib/gcc/arm-none-eabi/13.3.1/../../../../arm-none-eabi/lib/thumb/v7e-m+fp/hard\libc_nano.a(libc_a-nano-vfprintf_i.o)
                0x08007180                _printf_common
 *fill*         0x0800725a        0x2 
 .text._printf_i
                0x0800725c      0x23c D:/My_user/STM32CubeIDE_1.19.0/STM32CubeIDE/plugins/com.st.stm32cube.ide.mcu.externaltools.gnu-tools-for-stm32.13.3.rel1.win32_1.0.0.202411081344/tools/bin/../lib/gcc/arm-none-eabi/13.3.1/../../../../arm-none-eabi/lib/thumb/v7e-m+fp/hard\libc_nano.a(libc_a-nano-vfprintf_i.o)
                0x0800725c                _printf_i
 .text.memmove  0x08007498       0x34 D:/My_user/STM32CubeIDE_1.19.0/STM32CubeIDE/plugins/com.st.stm32cube.ide.mcu.externaltools.gnu-tools-for-stm32.13.3.rel1.win32_1.0.0.202411081344/tools/bin/../lib/gcc/arm-none-eabi/13.3.1/../../../../arm-none-eabi/lib/thumb/v7e-m+fp/hard\libc_nano.a(libc_a-memmove.o)
                0x08007498                memmove
 .text._sbrk_r  0x080074cc       0x20 D:/My_user/STM32CubeIDE_1.19.0/STM32CubeIDE/plugins/com.st.stm32cube.ide.mcu.externaltools.gnu-tools-for-stm32.13.3.rel1.win32_1.0.0.202411081344/tools/bin/../lib/gcc/arm-none-eabi/13.3.1/../../../../arm-none-eabi/lib/thumb/v7e-m+fp/hard\libc_nano.a(libc_a-sbrkr.o)
                0x080074cc                _sbrk_r
 .text._realloc_r
                0x080074ec       0x5c D:/My_user/STM32CubeIDE_1.19.0/STM32CubeIDE/plugins/com.st.stm32cube.ide.mcu.externaltools.gnu-tools-for-stm32.13.3.rel1.win32_1.0.0.202411081344/tools/bin/../lib/gcc/arm-none-eabi/13.3.1/../../../../arm-none-eabi/lib/thumb/v7e-m+fp/hard\libc_nano.a(libc_a-reallocr.o)
                0x080074ec                _realloc_r
 .text._malloc_usable_size_r
                0x08007548       0x10 D:/My_user/STM32CubeIDE_1.19.0/STM32CubeIDE/plugins/com.st.stm32cube.ide.mcu.externaltools.gnu-tools-for-stm32.13.3.rel1.win32_1.0.0.202411081344/tools/bin/../lib/gcc/arm-none-eabi/13.3.1/../../../../arm-none-eabi/lib/thumb/v7e-m+fp/hard\libc_nano.a(libc_a-msizer.o)
                0x08007548                _malloc_usable_size_r
 *(.glue_7)
 .glue_7        0x08007558        0x0 linker stubs
 *(.glue_7t)
 .glue_7t       0x08007558        0x0 linker stubs
 *(.eh_frame)
 .eh_frame      0x08007558        0x0 D:/My_user/STM32CubeIDE_1.19.0/STM32CubeIDE/plugins/com.st.stm32cube.ide.mcu.externaltools.gnu-tools-for-stm32.13.3.rel1.win32_1.0.0.202411081344/tools/bin/../lib/gcc/arm-none-eabi/13.3.1/thumb/v7e-m+fp/hard/crtbegin.o
 *(.init)
 .init          0x08007558        0x4 D:/My_user/STM32CubeIDE_1.19.0/STM32CubeIDE/plugins/com.st.stm32cube.ide.mcu.externaltools.gnu-tools-for-stm32.13.3.rel1.win32_1.0.0.202411081344/tools/bin/../lib/gcc/arm-none-eabi/13.3.1/thumb/v7e-m+fp/hard/crti.o
                0x08007558                _init
 .init          0x0800755c        0x8 D:/My_user/STM32CubeIDE_1.19.0/STM32CubeIDE/plugins/com.st.stm32cube.ide.mcu.externaltools.gnu-tools-for-stm32.13.3.rel1.win32_1.0.0.202411081344/tools/bin/../lib/gcc/arm-none-eabi/13.3.1/thumb/v7e-m+fp/hard/crtn.o
 *(.fini)
 .fini          0x08007564        0x4 D:/My_user/STM32CubeIDE_1.19.0/STM32CubeIDE/plugins/com.st.stm32cube.ide.mcu.externaltools.gnu-tools-for-stm32.13.3.rel1.win32_1.0.0.202411081344/tools/bin/../lib/gcc/arm-none-eabi/13.3.1/thumb/v7e-m+fp/hard/crti.o
                0x08007564                _fini
 .fini          0x08007568        0x8 D:/My_user/STM32CubeIDE_1.19.0/STM32CubeIDE/plugins/com.st.stm32cube.ide.mcu.externaltools.gnu-tools-for-stm32.13.3.rel1.win32_1.0.0.202411081344/tools/bin/../lib/gcc/arm-none-eabi/13.3.1/thumb/v7e-m+fp/hard/crtn.o
                0x08007570                        . = ALIGN (0x4)
                0x08007570                        _etext = .

.vfp11_veneer   0x08007570        0x0
 .vfp11_veneer  0x08007570        0x0 linker stubs

.v4_bx          0x08007570        0x0
 .v4_bx         0x08007570        0x0 linker stubs

.iplt           0x08007570        0x0
 .iplt          0x08007570        0x0 D:/My_user/STM32CubeIDE_1.19.0/STM32CubeIDE/plugins/com.st.stm32cube.ide.mcu.externaltools.gnu-tools-for-stm32.13.3.rel1.win32_1.0.0.202411081344/tools/bin/../lib/gcc/arm-none-eabi/13.3.1/thumb/v7e-m+fp/hard/crtbegin.o

.rodata         0x08007570      0x1dc
                0x08007570                        . = ALIGN (0x4)
 *(.rodata)
 .rodata        0x08007570      0x147 ./Core/Src/main.o
 *fill*         0x080076b7        0x1 
 .rodata        0x080076b8        0x5 ./Middlewares/Third_Party/FreeRTOS/Source/tasks.o
 *fill*         0x080076bd        0x3 
 .rodata        0x080076c0        0xd ./Middlewares/Third_Party/FreeRTOS/Source/timers.o
 *(.rodata*)
 *fill*         0x080076cd        0x3 
 .rodata.AHBPrescTable
                0x080076d0       0x10 ./Core/Src/system_stm32l4xx.o
                0x080076d0                AHBPrescTable
 .rodata.APBPrescTable
                0x080076e0        0x8 ./Core/Src/system_stm32l4xx.o
                0x080076e0                APBPrescTable
 .rodata.MSIRangeTable
                0x080076e8       0x30 ./Core/Src/system_stm32l4xx.o
                0x080076e8                MSIRangeTable
 .rodata._svfprintf_r.str1.1
                0x08007718       0x33 D:/My_user/STM32CubeIDE_1.19.0/STM32CubeIDE/plugins/com.st.stm32cube.ide.mcu.externaltools.gnu-tools-for-stm32.13.3.rel1.win32_1.0.0.202411081344/tools/bin/../lib/gcc/arm-none-eabi/13.3.1/../../../../arm-none-eabi/lib/thumb/v7e-m+fp/hard\libc_nano.a(libc_a-nano-svfprintf.o)
                                 0x11 (size before relaxing)
 .rodata._printf_i.str1.1
                0x0800774b       0x22 D:/My_user/STM32CubeIDE_1.19.0/STM32CubeIDE/plugins/com.st.stm32cube.ide.mcu.externaltools.gnu-tools-for-stm32.13.3.rel1.win32_1.0.0.202411081344/tools/bin/../lib/gcc/arm-none-eabi/13.3.1/../../../../arm-none-eabi/lib/thumb/v7e-m+fp/hard\libc_nano.a(libc_a-nano-vfprintf_i.o)
                0x08007770                        . = ALIGN (0x4)
 *fill*         0x0800774b        0x1 

.ARM.extab      0x0800774c        0x0
                0x0800774c                        . = ALIGN (0x4)
 *(.ARM.extab* .gnu.linkonce.armextab.*)
                0x0800774c                        . = ALIGN (0x4)

.ARM            0x0800774c        0x8
                0x0800774c                        . = ALIGN (0x4)
                0x0800774c                        __exidx_start = .
 *(.ARM.exidx*)
 .ARM.exidx     0x0800774c        0x8 D:/My_user/STM32CubeIDE_1.19.0/STM32CubeIDE/plugins/com.st.stm32cube.ide.mcu.externaltools.gnu-tools-for-stm32.13.3.rel1.win32_1.0.0.202411081344/tools/bin/../lib/gcc/arm-none-eabi/13.3.1/../../../../arm-none-eabi/lib/thumb/v7e-m+fp/hard\libc_nano.a(libc_a-strlen.o)
 .ARM.exidx     0x08007754        0x0 D:/My_user/STM32CubeIDE_1.19.0/STM32CubeIDE/plugins/com.st.stm32cube.ide.mcu.externaltools.gnu-tools-for-stm32.13.3.rel1.win32_1.0.0.202411081344/tools/bin/../lib/gcc/arm-none-eabi/13.3.1/../../../../arm-none-eabi/lib/thumb/v7e-m+fp/hard\libc_nano.a(libc_a-memchr.o)
                                  0x8 (size before relaxing)
 .ARM.exidx     0x08007754        0x0 D:/My_user/STM32CubeIDE_1.19.0/STM32CubeIDE/plugins/com.st.stm32cube.ide.mcu.externaltools.gnu-tools-for-stm32.13.3.rel1.win32_1.0.0.202411081344/tools/bin/../lib/gcc/arm-none-eabi/13.3.1/thumb/v7e-m+fp/hard\libgcc.a(_udivmoddi4.o)
                                  0x8 (size before relaxing)
                0x08007754                        __exidx_end = .
                0x08007754                        . = ALIGN (0x4)

.preinit_array  0x08007754        0x0
                0x08007754                        . = ALIGN (0x4)
                0x08007754                        PROVIDE (__preinit_array_start = .)
 *(.preinit_array*)
                0x08007754                        PROVIDE (__preinit_array_end = .)
                0x08007754                        . = ALIGN (0x4)

.init_array     0x08007754        0x4
                0x08007754                        . = ALIGN (0x4)
                0x08007754                        PROVIDE (__init_array_start = .)
 *(SORT_BY_NAME(.init_array.*))
 *(.init_array*)
 .init_array    0x08007754        0x4 D:/My_user/STM32CubeIDE_1.19.0/STM32CubeIDE/plugins/com.st.stm32cube.ide.mcu.externaltools.gnu-tools-for-stm32.13.3.rel1.win32_1.0.0.202411081344/tools/bin/../lib/gcc/arm-none-eabi/13.3.1/thumb/v7e-m+fp/hard/crtbegin.o
                0x08007758                        PROVIDE (__init_array_end = .)
                0x08007758                        . = ALIGN (0x4)

.fini_array     0x08007758        0x4
                0x08007758                        . = ALIGN (0x4)
                [!provide]                        PROVIDE (__fini_array_start = .)
 *(SORT_BY_NAME(.fini_array.*))
 *(.fini_array*)
 .fini_array    0x08007758        0x4 D:/My_user/STM32CubeIDE_1.19.0/STM32CubeIDE/plugins/com.st.stm32cube.ide.mcu.externaltools.gnu-tools-for-stm32.13.3.rel1.win32_1.0.0.202411081344/tools/bin/../lib/gcc/arm-none-eabi/13.3.1/thumb/v7e-m+fp/hard/crtbegin.o
                [!provide]                        PROVIDE (__fini_array_end = .)
                0x0800775c                        . = ALIGN (0x4)
                0x0800775c                        _sidata = LOADADDR (.data)

.rel.dyn        0x0800775c        0x0
 .rel.iplt      0x0800775c        0x0 D:/My_user/STM32CubeIDE_1.19.0/STM32CubeIDE/plugins/com.st.stm32cube.ide.mcu.externaltools.gnu-tools-for-stm32.13.3.rel1.win32_1.0.0.202411081344/tools/bin/../lib/gcc/arm-none-eabi/13.3.1/thumb/v7e-m+fp/hard/crtbegin.o

.data           0x20000000      0x154 load address 0x0800775c
                0x20000000                        . = ALIGN (0x4)
                0x20000000                        _sdata = .
 *(.data)
 *(.data*)
 .data.menu     0x20000000       0xf4 ./Core/Src/main.o
                0x20000000                menu
 .data.SystemCoreClock
                0x200000f4        0x4 ./Core/Src/system_stm32l4xx.o
                0x200000f4                SystemCoreClock
 .data.uwTickPrio
                0x200000f8        0x4 ./Drivers/STM32L4xx_HAL_Driver/Src/stm32l4xx_hal.o
                0x200000f8                uwTickPrio
 .data.uwTickFreq
                0x200000fc        0x1 ./Drivers/STM32L4xx_HAL_Driver/Src/stm32l4xx_hal.o
                0x200000fc                uwTickFreq
 *fill*         0x200000fd        0x3 
 .data.uxCriticalNesting
                0x20000100        0x4 ./Middlewares/Third_Party/FreeRTOS/Source/portable/GCC/ARM_CM4F/port.o
 .data._impure_ptr
                0x20000104        0x4 D:/My_user/STM32CubeIDE_1.19.0/STM32CubeIDE/plugins/com.st.stm32cube.ide.mcu.externaltools.gnu-tools-for-stm32.13.3.rel1.win32_1.0.0.202411081344/tools/bin/../lib/gcc/arm-none-eabi/13.3.1/../../../../arm-none-eabi/lib/thumb/v7e-m+fp/hard\libc_nano.a(libc_a-impure.o)
                0x20000104                _impure_ptr
 .data._impure_data
                0x20000108       0x4c D:/My_user/STM32CubeIDE_1.19.0/STM32CubeIDE/plugins/com.st.stm32cube.ide.mcu.externaltools.gnu-tools-for-stm32.13.3.rel1.win32_1.0.0.202411081344/tools/bin/../lib/gcc/arm-none-eabi/13.3.1/../../../../arm-none-eabi/lib/thumb/v7e-m+fp/hard\libc_nano.a(libc_a-impure.o)
                0x20000108                _impure_data
 *(.RamFunc)
 *(.RamFunc*)
                0x20000154                        . = ALIGN (0x4)
                0x20000154                        _edata = .

.igot.plt       0x20000154        0x0 load address 0x080078b0
 .igot.plt      0x20000154        0x0 D:/My_user/STM32CubeIDE_1.19.0/STM32CubeIDE/plugins/com.st.stm32cube.ide.mcu.externaltools.gnu-tools-for-stm32.13.3.rel1.win32_1.0.0.202411081344/tools/bin/../lib/gcc/arm-none-eabi/13.3.1/thumb/v7e-m+fp/hard/crtbegin.o
                0x20000154                        . = ALIGN (0x4)

.bss            0x20000154     0x461c load address 0x080078b0
                0x20000154                        _sbss = .
                0x20000154                        __bss_start__ = _sbss
 *(.bss)
 .bss           0x20000154       0x1c D:/My_user/STM32CubeIDE_1.19.0/STM32CubeIDE/plugins/com.st.stm32cube.ide.mcu.externaltools.gnu-tools-for-stm32.13.3.rel1.win32_1.0.0.202411081344/tools/bin/../lib/gcc/arm-none-eabi/13.3.1/thumb/v7e-m+fp/hard/crtbegin.o
 *(.bss*)
 .bss.xIdleTaskTCBBuffer
                0x20000170       0x54 ./Core/Src/freertos.o
 .bss.xIdleStack
                0x200001c4      0x200 ./Core/Src/freertos.o
 .bss.xTimerTaskTCBBuffer
                0x200003c4       0x54 ./Core/Src/freertos.o
 .bss.xTimerStack
                0x20000418      0x400 ./Core/Src/freertos.o
 .bss.hrtc      0x20000818       0x24 ./Core/Src/main.o
                0x20000818                hrtc
 .bss.huart2    0x2000083c       0x88 ./Core/Src/main.o
                0x2000083c                huart2
 .bss.command_queue
                0x200008c4        0x4 ./Core/Src/main.o
                0x200008c4                command_queue
 .bss.uart_write_queue
                0x200008c8        0x4 ./Core/Src/main.o
                0x200008c8                uart_write_queue
 .bss.xTaskHandle1
                0x200008cc        0x4 ./Core/Src/main.o
                0x200008cc                xTaskHandle1
 .bss.xTaskHandle2
                0x200008d0        0x4 ./Core/Src/main.o
                0x200008d0                xTaskHandle2
 .bss.xTaskHandle3
                0x200008d4        0x4 ./Core/Src/main.o
                0x200008d4                xTaskHandle3
 .bss.xTaskHandle4
                0x200008d8        0x4 ./Core/Src/main.o
                0x200008d8                xTaskHandle4
 .bss.led_timer_handle
                0x200008dc        0x4 ./Core/Src/main.o
                0x200008dc                led_timer_handle
 .bss.command_buffer
                0x200008e0       0x14 ./Core/Src/main.o
                0x200008e0                command_buffer
 .bss.command_len
                0x200008f4        0x1 ./Core/Src/main.o
                0x200008f4                command_len
 *fill*         0x200008f5        0x3 
 .bss.__sbrk_heap_end
                0x200008f8        0x4 ./Core/Src/sysmem.o
 .bss.uwTick    0x200008fc        0x4 ./Drivers/STM32L4xx_HAL_Driver/Src/stm32l4xx_hal.o
                0x200008fc                uwTick
 .bss.xQueueRegistry
                0x20000900       0x40 ./Middlewares/Third_Party/FreeRTOS/Source/queue.o
                0x20000900                xQueueRegistry
 .bss.pxCurrentTCB
                0x20000940        0x4 ./Middlewares/Third_Party/FreeRTOS/Source/tasks.o
                0x20000940                pxCurrentTCB
 .bss.pxReadyTasksLists
                0x20000944       0x8c ./Middlewares/Third_Party/FreeRTOS/Source/tasks.o
 .bss.xDelayedTaskList1
                0x200009d0       0x14 ./Middlewares/Third_Party/FreeRTOS/Source/tasks.o
 .bss.xDelayedTaskList2
                0x200009e4       0x14 ./Middlewares/Third_Party/FreeRTOS/Source/tasks.o
 .bss.pxDelayedTaskList
                0x200009f8        0x4 ./Middlewares/Third_Party/FreeRTOS/Source/tasks.o
 .bss.pxOverflowDelayedTaskList
                0x200009fc        0x4 ./Middlewares/Third_Party/FreeRTOS/Source/tasks.o
 .bss.xPendingReadyList
                0x20000a00       0x14 ./Middlewares/Third_Party/FreeRTOS/Source/tasks.o
 .bss.xTasksWaitingTermination
                0x20000a14       0x14 ./Middlewares/Third_Party/FreeRTOS/Source/tasks.o
 .bss.uxDeletedTasksWaitingCleanUp
                0x20000a28        0x4 ./Middlewares/Third_Party/FreeRTOS/Source/tasks.o
 .bss.xSuspendedTaskList
                0x20000a2c       0x14 ./Middlewares/Third_Party/FreeRTOS/Source/tasks.o
 .bss.uxCurrentNumberOfTasks
                0x20000a40        0x4 ./Middlewares/Third_Party/FreeRTOS/Source/tasks.o
 .bss.xTickCount
                0x20000a44        0x4 ./Middlewares/Third_Party/FreeRTOS/Source/tasks.o
 .bss.uxTopReadyPriority
                0x20000a48        0x4 ./Middlewares/Third_Party/FreeRTOS/Source/tasks.o
 .bss.xSchedulerRunning
                0x20000a4c        0x4 ./Middlewares/Third_Party/FreeRTOS/Source/tasks.o
 .bss.xPendedTicks
                0x20000a50        0x4 ./Middlewares/Third_Party/FreeRTOS/Source/tasks.o
 .bss.xYieldPending
                0x20000a54        0x4 ./Middlewares/Third_Party/FreeRTOS/Source/tasks.o
 .bss.xNumOfOverflows
                0x20000a58        0x4 ./Middlewares/Third_Party/FreeRTOS/Source/tasks.o
 .bss.uxTaskNumber
                0x20000a5c        0x4 ./Middlewares/Third_Party/FreeRTOS/Source/tasks.o
 .bss.xNextTaskUnblockTime
                0x20000a60        0x4 ./Middlewares/Third_Party/FreeRTOS/Source/tasks.o
 .bss.xIdleTaskHandle
                0x20000a64        0x4 ./Middlewares/Third_Party/FreeRTOS/Source/tasks.o
 .bss.uxSchedulerSuspended
                0x20000a68        0x4 ./Middlewares/Third_Party/FreeRTOS/Source/tasks.o
 .bss.xActiveTimerList1
                0x20000a6c       0x14 ./Middlewares/Third_Party/FreeRTOS/Source/timers.o
 .bss.xActiveTimerList2
                0x20000a80       0x14 ./Middlewares/Third_Party/FreeRTOS/Source/timers.o
 .bss.pxCurrentTimerList
                0x20000a94        0x4 ./Middlewares/Third_Party/FreeRTOS/Source/timers.o
 .bss.pxOverflowTimerList
                0x20000a98        0x4 ./Middlewares/Third_Party/FreeRTOS/Source/timers.o
 .bss.xTimerQueue
                0x20000a9c        0x4 ./Middlewares/Third_Party/FreeRTOS/Source/timers.o
 .bss.xTimerTaskHandle
                0x20000aa0        0x4 ./Middlewares/Third_Party/FreeRTOS/Source/timers.o
 .bss.xLastTime.2
                0x20000aa4        0x4 ./Middlewares/Third_Party/FreeRTOS/Source/timers.o
 .bss.ucStaticTimerQueueStorage.1
                0x20000aa8       0x78 ./Middlewares/Third_Party/FreeRTOS/Source/timers.o
 .bss.xStaticTimerQueue.0
                0x20000b20       0x48 ./Middlewares/Third_Party/FreeRTOS/Source/timers.o
 .bss.ucMaxSysCallPriority
                0x20000b68        0x1 ./Middlewares/Third_Party/FreeRTOS/Source/portable/GCC/ARM_CM4F/port.o
 *fill*         0x20000b69        0x3 
 .bss.ulMaxPRIGROUPValue
                0x20000b6c        0x4 ./Middlewares/Third_Party/FreeRTOS/Source/portable/GCC/ARM_CM4F/port.o
 .bss.ucHeap    0x20000b70     0x3a98 ./Middlewares/Third_Party/FreeRTOS/Source/portable/MemMang/heap_4.o
 .bss.xStart    0x20004608        0x8 ./Middlewares/Third_Party/FreeRTOS/Source/portable/MemMang/heap_4.o
 .bss.pxEnd     0x20004610        0x4 ./Middlewares/Third_Party/FreeRTOS/Source/portable/MemMang/heap_4.o
 .bss.xFreeBytesRemaining
                0x20004614        0x4 ./Middlewares/Third_Party/FreeRTOS/Source/portable/MemMang/heap_4.o
 .bss.xMinimumEverFreeBytesRemaining
                0x20004618        0x4 ./Middlewares/Third_Party/FreeRTOS/Source/portable/MemMang/heap_4.o
 .bss.xNumberOfSuccessfulAllocations
                0x2000461c        0x4 ./Middlewares/Third_Party/FreeRTOS/Source/portable/MemMang/heap_4.o
 .bss.xNumberOfSuccessfulFrees
                0x20004620        0x4 ./Middlewares/Third_Party/FreeRTOS/Source/portable/MemMang/heap_4.o
 .bss.xBlockAllocatedBit
                0x20004624        0x4 ./Middlewares/Third_Party/FreeRTOS/Source/portable/MemMang/heap_4.o
 .bss.__sf      0x20004628      0x138 D:/My_user/STM32CubeIDE_1.19.0/STM32CubeIDE/plugins/com.st.stm32cube.ide.mcu.externaltools.gnu-tools-for-stm32.13.3.rel1.win32_1.0.0.202411081344/tools/bin/../lib/gcc/arm-none-eabi/13.3.1/../../../../arm-none-eabi/lib/thumb/v7e-m+fp/hard\libc_nano.a(libc_a-findfp.o)
                0x20004628                __sf
 .bss.errno     0x20004760        0x4 D:/My_user/STM32CubeIDE_1.19.0/STM32CubeIDE/plugins/com.st.stm32cube.ide.mcu.externaltools.gnu-tools-for-stm32.13.3.rel1.win32_1.0.0.202411081344/tools/bin/../lib/gcc/arm-none-eabi/13.3.1/../../../../arm-none-eabi/lib/thumb/v7e-m+fp/hard\libc_nano.a(libc_a-reent.o)
                0x20004760                errno
 .bss.__lock___malloc_recursive_mutex
                0x20004764        0x1 D:/My_user/STM32CubeIDE_1.19.0/STM32CubeIDE/plugins/com.st.stm32cube.ide.mcu.externaltools.gnu-tools-for-stm32.13.3.rel1.win32_1.0.0.202411081344/tools/bin/../lib/gcc/arm-none-eabi/13.3.1/../../../../arm-none-eabi/lib/thumb/v7e-m+fp/hard\libc_nano.a(libc_a-lock.o)
                0x20004764                __lock___malloc_recursive_mutex
 *fill*         0x20004765        0x3 
 .bss.__malloc_sbrk_start
                0x20004768        0x4 D:/My_user/STM32CubeIDE_1.19.0/STM32CubeIDE/plugins/com.st.stm32cube.ide.mcu.externaltools.gnu-tools-for-stm32.13.3.rel1.win32_1.0.0.202411081344/tools/bin/../lib/gcc/arm-none-eabi/13.3.1/../../../../arm-none-eabi/lib/thumb/v7e-m+fp/hard\libc_nano.a(libc_a-mallocr.o)
                0x20004768                __malloc_sbrk_start
 .bss.__malloc_free_list
                0x2000476c        0x4 D:/My_user/STM32CubeIDE_1.19.0/STM32CubeIDE/plugins/com.st.stm32cube.ide.mcu.externaltools.gnu-tools-for-stm32.13.3.rel1.win32_1.0.0.202411081344/tools/bin/../lib/gcc/arm-none-eabi/13.3.1/../../../../arm-none-eabi/lib/thumb/v7e-m+fp/hard\libc_nano.a(libc_a-mallocr.o)
                0x2000476c                __malloc_free_list
 *(COMMON)
                0x20004770                        . = ALIGN (0x4)
                0x20004770                        _ebss = .
                0x20004770                        __bss_end__ = _ebss

._user_heap_stack
                0x20004770      0x600 load address 0x080078b0
                0x20004770                        . = ALIGN (0x8)
                [!provide]                        PROVIDE (end = .)
                0x20004770                        PROVIDE (_end = .)
                0x20004970                        . = (. + _Min_Heap_Size)
 *fill*         0x20004770      0x200 
                0x20004d70                        . = (. + _Min_Stack_Size)
 *fill*         0x20004970      0x400 
                0x20004d70                        . = ALIGN (0x8)

/DISCARD/
 libc.a(*)
 libm.a(*)
 libgcc.a(*)

.ARM.attributes
                0x00000000       0x30
 *(.ARM.attributes)
 .ARM.attributes
                0x00000000       0x22 D:/My_user/STM32CubeIDE_1.19.0/STM32CubeIDE/plugins/com.st.stm32cube.ide.mcu.externaltools.gnu-tools-for-stm32.13.3.rel1.win32_1.0.0.202411081344/tools/bin/../lib/gcc/arm-none-eabi/13.3.1/thumb/v7e-m+fp/hard/crti.o
 .ARM.attributes
                0x00000022       0x34 D:/My_user/STM32CubeIDE_1.19.0/STM32CubeIDE/plugins/com.st.stm32cube.ide.mcu.externaltools.gnu-tools-for-stm32.13.3.rel1.win32_1.0.0.202411081344/tools/bin/../lib/gcc/arm-none-eabi/13.3.1/thumb/v7e-m+fp/hard/crtbegin.o
 .ARM.attributes
                0x00000056       0x34 ./Core/Src/freertos.o
 .ARM.attributes
                0x0000008a       0x34 ./Core/Src/main.o
 .ARM.attributes
                0x000000be       0x34 ./Core/Src/stm32l4xx_hal_msp.o
 .ARM.attributes
                0x000000f2       0x34 ./Core/Src/stm32l4xx_it.o
 .ARM.attributes
                0x00000126       0x34 ./Core/Src/sysmem.o
 .ARM.attributes
                0x0000015a       0x34 ./Core/Src/system_stm32l4xx.o
 .ARM.attributes
                0x0000018e       0x21 ./Core/Startup/startup_stm32l476rgtx.o
 .ARM.attributes
                0x000001af       0x34 ./Drivers/STM32L4xx_HAL_Driver/Src/stm32l4xx_hal.o
 .ARM.attributes
                0x000001e3       0x34 ./Drivers/STM32L4xx_HAL_Driver/Src/stm32l4xx_hal_cortex.o
 .ARM.attributes
                0x00000217       0x34 ./Drivers/STM32L4xx_HAL_Driver/Src/stm32l4xx_hal_gpio.o
 .ARM.attributes
                0x0000024b       0x34 ./Drivers/STM32L4xx_HAL_Driver/Src/stm32l4xx_hal_pwr_ex.o
 .ARM.attributes
                0x0000027f       0x34 ./Drivers/STM32L4xx_HAL_Driver/Src/stm32l4xx_hal_rcc.o
 .ARM.attributes
                0x000002b3       0x34 ./Drivers/STM32L4xx_HAL_Driver/Src/stm32l4xx_hal_rcc_ex.o
 .ARM.attributes
                0x000002e7       0x34 ./Drivers/STM32L4xx_HAL_Driver/Src/stm32l4xx_hal_rtc.o
 .ARM.attributes
                0x0000031b       0x34 ./Drivers/STM32L4xx_HAL_Driver/Src/stm32l4xx_hal_uart.o
 .ARM.attributes
                0x0000034f       0x34 ./Middlewares/Third_Party/FreeRTOS/Source/CMSIS_RTOS/cmsis_os.o
 .ARM.attributes
                0x00000383       0x34 ./Middlewares/Third_Party/FreeRTOS/Source/list.o
 .ARM.attributes
                0x000003b7       0x34 ./Middlewares/Third_Party/FreeRTOS/Source/queue.o
 .ARM.attributes
                0x000003eb       0x34 ./Middlewares/Third_Party/FreeRTOS/Source/tasks.o
 .ARM.attributes
                0x0000041f       0x34 ./Middlewares/Third_Party/FreeRTOS/Source/timers.o
 .ARM.attributes
                0x00000453       0x34 ./Middlewares/Third_Party/FreeRTOS/Source/portable/GCC/ARM_CM4F/port.o
 .ARM.attributes
                0x00000487       0x34 ./Middlewares/Third_Party/FreeRTOS/Source/portable/MemMang/heap_4.o
 .ARM.attributes
                0x000004bb       0x34 D:/My_user/STM32CubeIDE_1.19.0/STM32CubeIDE/plugins/com.st.stm32cube.ide.mcu.externaltools.gnu-tools-for-stm32.13.3.rel1.win32_1.0.0.202411081344/tools/bin/../lib/gcc/arm-none-eabi/13.3.1/../../../../arm-none-eabi/lib/thumb/v7e-m+fp/hard\libc_nano.a(libc_a-findfp.o)
 .ARM.attributes
                0x000004ef       0x34 D:/My_user/STM32CubeIDE_1.19.0/STM32CubeIDE/plugins/com.st.stm32cube.ide.mcu.externaltools.gnu-tools-for-stm32.13.3.rel1.win32_1.0.0.202411081344/tools/bin/../lib/gcc/arm-none-eabi/13.3.1/../../../../arm-none-eabi/lib/thumb/v7e-m+fp/hard\libc_nano.a(libc_a-sprintf.o)
 .ARM.attributes
                0x00000523       0x34 D:/My_user/STM32CubeIDE_1.19.0/STM32CubeIDE/plugins/com.st.stm32cube.ide.mcu.externaltools.gnu-tools-for-stm32.13.3.rel1.win32_1.0.0.202411081344/tools/bin/../lib/gcc/arm-none-eabi/13.3.1/../../../../arm-none-eabi/lib/thumb/v7e-m+fp/hard\libc_nano.a(libc_a-memset.o)
 .ARM.attributes
                0x00000557       0x34 D:/My_user/STM32CubeIDE_1.19.0/STM32CubeIDE/plugins/com.st.stm32cube.ide.mcu.externaltools.gnu-tools-for-stm32.13.3.rel1.win32_1.0.0.202411081344/tools/bin/../lib/gcc/arm-none-eabi/13.3.1/../../../../arm-none-eabi/lib/thumb/v7e-m+fp/hard\libc_nano.a(libc_a-reent.o)
 .ARM.attributes
                0x0000058b       0x34 D:/My_user/STM32CubeIDE_1.19.0/STM32CubeIDE/plugins/com.st.stm32cube.ide.mcu.externaltools.gnu-tools-for-stm32.13.3.rel1.win32_1.0.0.202411081344/tools/bin/../lib/gcc/arm-none-eabi/13.3.1/../../../../arm-none-eabi/lib/thumb/v7e-m+fp/hard\libc_nano.a(libc_a-impure.o)
 .ARM.attributes
                0x000005bf       0x34 D:/My_user/STM32CubeIDE_1.19.0/STM32CubeIDE/plugins/com.st.stm32cube.ide.mcu.externaltools.gnu-tools-for-stm32.13.3.rel1.win32_1.0.0.202411081344/tools/bin/../lib/gcc/arm-none-eabi/13.3.1/../../../../arm-none-eabi/lib/thumb/v7e-m+fp/hard\libc_nano.a(libc_a-errno.o)
 .ARM.attributes
                0x000005f3       0x34 D:/My_user/STM32CubeIDE_1.19.0/STM32CubeIDE/plugins/com.st.stm32cube.ide.mcu.externaltools.gnu-tools-for-stm32.13.3.rel1.win32_1.0.0.202411081344/tools/bin/../lib/gcc/arm-none-eabi/13.3.1/../../../../arm-none-eabi/lib/thumb/v7e-m+fp/hard\libc_nano.a(libc_a-init.o)
 .ARM.attributes
                0x00000627       0x34 D:/My_user/STM32CubeIDE_1.19.0/STM32CubeIDE/plugins/com.st.stm32cube.ide.mcu.externaltools.gnu-tools-for-stm32.13.3.rel1.win32_1.0.0.202411081344/tools/bin/../lib/gcc/arm-none-eabi/13.3.1/../../../../arm-none-eabi/lib/thumb/v7e-m+fp/hard\libc_nano.a(libc_a-lock.o)
 .ARM.attributes
                0x0000065b       0x34 D:/My_user/STM32CubeIDE_1.19.0/STM32CubeIDE/plugins/com.st.stm32cube.ide.mcu.externaltools.gnu-tools-for-stm32.13.3.rel1.win32_1.0.0.202411081344/tools/bin/../lib/gcc/arm-none-eabi/13.3.1/../../../../arm-none-eabi/lib/thumb/v7e-m+fp/hard\libc_nano.a(libc_a-memcpy-stub.o)
 .ARM.attributes
                0x0000068f       0x17 D:/My_user/STM32CubeIDE_1.19.0/STM32CubeIDE/plugins/com.st.stm32cube.ide.mcu.externaltools.gnu-tools-for-stm32.13.3.rel1.win32_1.0.0.202411081344/tools/bin/../lib/gcc/arm-none-eabi/13.3.1/../../../../arm-none-eabi/lib/thumb/v7e-m+fp/hard\libc_nano.a(libc_a-strlen.o)
 .ARM.attributes
                0x000006a6       0x34 D:/My_user/STM32CubeIDE_1.19.0/STM32CubeIDE/plugins/com.st.stm32cube.ide.mcu.externaltools.gnu-tools-for-stm32.13.3.rel1.win32_1.0.0.202411081344/tools/bin/../lib/gcc/arm-none-eabi/13.3.1/../../../../arm-none-eabi/lib/thumb/v7e-m+fp/hard\libc_nano.a(libc_a-freer.o)
 .ARM.attributes
                0x000006da       0x34 D:/My_user/STM32CubeIDE_1.19.0/STM32CubeIDE/plugins/com.st.stm32cube.ide.mcu.externaltools.gnu-tools-for-stm32.13.3.rel1.win32_1.0.0.202411081344/tools/bin/../lib/gcc/arm-none-eabi/13.3.1/../../../../arm-none-eabi/lib/thumb/v7e-m+fp/hard\libc_nano.a(libc_a-mallocr.o)
 .ARM.attributes
                0x0000070e       0x34 D:/My_user/STM32CubeIDE_1.19.0/STM32CubeIDE/plugins/com.st.stm32cube.ide.mcu.externaltools.gnu-tools-for-stm32.13.3.rel1.win32_1.0.0.202411081344/tools/bin/../lib/gcc/arm-none-eabi/13.3.1/../../../../arm-none-eabi/lib/thumb/v7e-m+fp/hard\libc_nano.a(libc_a-mlock.o)
 .ARM.attributes
                0x00000742       0x34 D:/My_user/STM32CubeIDE_1.19.0/STM32CubeIDE/plugins/com.st.stm32cube.ide.mcu.externaltools.gnu-tools-for-stm32.13.3.rel1.win32_1.0.0.202411081344/tools/bin/../lib/gcc/arm-none-eabi/13.3.1/../../../../arm-none-eabi/lib/thumb/v7e-m+fp/hard\libc_nano.a(libc_a-nano-svfprintf.o)
 .ARM.attributes
                0x00000776       0x34 D:/My_user/STM32CubeIDE_1.19.0/STM32CubeIDE/plugins/com.st.stm32cube.ide.mcu.externaltools.gnu-tools-for-stm32.13.3.rel1.win32_1.0.0.202411081344/tools/bin/../lib/gcc/arm-none-eabi/13.3.1/../../../../arm-none-eabi/lib/thumb/v7e-m+fp/hard\libc_nano.a(libc_a-nano-vfprintf_i.o)
 .ARM.attributes
                0x000007aa       0x34 D:/My_user/STM32CubeIDE_1.19.0/STM32CubeIDE/plugins/com.st.stm32cube.ide.mcu.externaltools.gnu-tools-for-stm32.13.3.rel1.win32_1.0.0.202411081344/tools/bin/../lib/gcc/arm-none-eabi/13.3.1/../../../../arm-none-eabi/lib/thumb/v7e-m+fp/hard\libc_nano.a(libc_a-memmove.o)
 .ARM.attributes
                0x000007de       0x34 D:/My_user/STM32CubeIDE_1.19.0/STM32CubeIDE/plugins/com.st.stm32cube.ide.mcu.externaltools.gnu-tools-for-stm32.13.3.rel1.win32_1.0.0.202411081344/tools/bin/../lib/gcc/arm-none-eabi/13.3.1/../../../../arm-none-eabi/lib/thumb/v7e-m+fp/hard\libc_nano.a(libc_a-sbrkr.o)
 .ARM.attributes
                0x00000812       0x1c D:/My_user/STM32CubeIDE_1.19.0/STM32CubeIDE/plugins/com.st.stm32cube.ide.mcu.externaltools.gnu-tools-for-stm32.13.3.rel1.win32_1.0.0.202411081344/tools/bin/../lib/gcc/arm-none-eabi/13.3.1/../../../../arm-none-eabi/lib/thumb/v7e-m+fp/hard\libc_nano.a(libc_a-memchr.o)
 .ARM.attributes
                0x0000082e       0x34 D:/My_user/STM32CubeIDE_1.19.0/STM32CubeIDE/plugins/com.st.stm32cube.ide.mcu.externaltools.gnu-tools-for-stm32.13.3.rel1.win32_1.0.0.202411081344/tools/bin/../lib/gcc/arm-none-eabi/13.3.1/../../../../arm-none-eabi/lib/thumb/v7e-m+fp/hard\libc_nano.a(libc_a-reallocr.o)
 .ARM.attributes
                0x00000862       0x34 D:/My_user/STM32CubeIDE_1.19.0/STM32CubeIDE/plugins/com.st.stm32cube.ide.mcu.externaltools.gnu-tools-for-stm32.13.3.rel1.win32_1.0.0.202411081344/tools/bin/../lib/gcc/arm-none-eabi/13.3.1/../../../../arm-none-eabi/lib/thumb/v7e-m+fp/hard\libc_nano.a(libc_a-msizer.o)
 .ARM.attributes
                0x00000896       0x22 D:/My_user/STM32CubeIDE_1.19.0/STM32CubeIDE/plugins/com.st.stm32cube.ide.mcu.externaltools.gnu-tools-for-stm32.13.3.rel1.win32_1.0.0.202411081344/tools/bin/../lib/gcc/arm-none-eabi/13.3.1/thumb/v7e-m+fp/hard\libgcc.a(_aeabi_uldivmod.o)
 .ARM.attributes
                0x000008b8       0x34 D:/My_user/STM32CubeIDE_1.19.0/STM32CubeIDE/plugins/com.st.stm32cube.ide.mcu.externaltools.gnu-tools-for-stm32.13.3.rel1.win32_1.0.0.202411081344/tools/bin/../lib/gcc/arm-none-eabi/13.3.1/thumb/v7e-m+fp/hard\libgcc.a(_udivmoddi4.o)
 .ARM.attributes
                0x000008ec       0x22 D:/My_user/STM32CubeIDE_1.19.0/STM32CubeIDE/plugins/com.st.stm32cube.ide.mcu.externaltools.gnu-tools-for-stm32.13.3.rel1.win32_1.0.0.202411081344/tools/bin/../lib/gcc/arm-none-eabi/13.3.1/thumb/v7e-m+fp/hard\libgcc.a(_dvmd_tls.o)
 .ARM.attributes
                0x0000090e       0x22 D:/My_user/STM32CubeIDE_1.19.0/STM32CubeIDE/plugins/com.st.stm32cube.ide.mcu.externaltools.gnu-tools-for-stm32.13.3.rel1.win32_1.0.0.202411081344/tools/bin/../lib/gcc/arm-none-eabi/13.3.1/thumb/v7e-m+fp/hard/crtn.o
OUTPUT(Queue_Management_FreeRTOS.elf elf32-littlearm)
LOAD linker stubs
LOAD D:/My_user/STM32CubeIDE_1.19.0/STM32CubeIDE/plugins/com.st.stm32cube.ide.mcu.externaltools.gnu-tools-for-stm32.13.3.rel1.win32_1.0.0.202411081344/tools/bin/../lib/gcc/arm-none-eabi/13.3.1/../../../../arm-none-eabi/lib/thumb/v7e-m+fp/hard\libc.a
LOAD D:/My_user/STM32CubeIDE_1.19.0/STM32CubeIDE/plugins/com.st.stm32cube.ide.mcu.externaltools.gnu-tools-for-stm32.13.3.rel1.win32_1.0.0.202411081344/tools/bin/../lib/gcc/arm-none-eabi/13.3.1/../../../../arm-none-eabi/lib/thumb/v7e-m+fp/hard\libm.a
LOAD D:/My_user/STM32CubeIDE_1.19.0/STM32CubeIDE/plugins/com.st.stm32cube.ide.mcu.externaltools.gnu-tools-for-stm32.13.3.rel1.win32_1.0.0.202411081344/tools/bin/../lib/gcc/arm-none-eabi/13.3.1/thumb/v7e-m+fp/hard\libgcc.a

.debug_info     0x00000000    0x1405f
 .debug_info    0x00000000      0x31b ./Core/Src/freertos.o
 .debug_info    0x0000031b     0x2158 ./Core/Src/main.o
 .debug_info    0x00002473     0x13c8 ./Core/Src/stm32l4xx_hal_msp.o
 .debug_info    0x0000383b      0x15f ./Core/Src/stm32l4xx_it.o
 .debug_info    0x0000399a      0x168 ./Core/Src/sysmem.o
 .debug_info    0x00003b02      0x5e2 ./Core/Src/system_stm32l4xx.o
 .debug_info    0x000040e4       0x30 ./Core/Startup/startup_stm32l476rgtx.o
 .debug_info    0x00004114      0xc4d ./Drivers/STM32L4xx_HAL_Driver/Src/stm32l4xx_hal.o
 .debug_info    0x00004d61      0xdad ./Drivers/STM32L4xx_HAL_Driver/Src/stm32l4xx_hal_cortex.o
 .debug_info    0x00005b0e      0x79f ./Drivers/STM32L4xx_HAL_Driver/Src/stm32l4xx_hal_gpio.o
 .debug_info    0x000062ad      0x9ca ./Drivers/STM32L4xx_HAL_Driver/Src/stm32l4xx_hal_pwr_ex.o
 .debug_info    0x00006c77      0xc45 ./Drivers/STM32L4xx_HAL_Driver/Src/stm32l4xx_hal_rcc.o
 .debug_info    0x000078bc      0xe58 ./Drivers/STM32L4xx_HAL_Driver/Src/stm32l4xx_hal_rcc_ex.o
 .debug_info    0x00008714      0xda9 ./Drivers/STM32L4xx_HAL_Driver/Src/stm32l4xx_hal_rtc.o
 .debug_info    0x000094bd     0x3b8e ./Drivers/STM32L4xx_HAL_Driver/Src/stm32l4xx_hal_uart.o
 .debug_info    0x0000d04b     0x1c33 ./Middlewares/Third_Party/FreeRTOS/Source/CMSIS_RTOS/cmsis_os.o
 .debug_info    0x0000ec7e      0x2af ./Middlewares/Third_Party/FreeRTOS/Source/list.o
 .debug_info    0x0000ef2d     0x183b ./Middlewares/Third_Party/FreeRTOS/Source/queue.o
 .debug_info    0x00010768     0x1d11 ./Middlewares/Third_Party/FreeRTOS/Source/tasks.o
 .debug_info    0x00012479     0x1233 ./Middlewares/Third_Party/FreeRTOS/Source/timers.o
 .debug_info    0x000136ac      0x4de ./Middlewares/Third_Party/FreeRTOS/Source/portable/GCC/ARM_CM4F/port.o
 .debug_info    0x00013b8a      0x4d5 ./Middlewares/Third_Party/FreeRTOS/Source/portable/MemMang/heap_4.o

.debug_abbrev   0x00000000     0x3075
 .debug_abbrev  0x00000000       0xf0 ./Core/Src/freertos.o
 .debug_abbrev  0x000000f0      0x392 ./Core/Src/main.o
 .debug_abbrev  0x00000482      0x1f2 ./Core/Src/stm32l4xx_hal_msp.o
 .debug_abbrev  0x00000674       0xd4 ./Core/Src/stm32l4xx_it.o
 .debug_abbrev  0x00000748       0xbc ./Core/Src/sysmem.o
 .debug_abbrev  0x00000804      0x117 ./Core/Src/system_stm32l4xx.o
 .debug_abbrev  0x0000091b       0x24 ./Core/Startup/startup_stm32l476rgtx.o
 .debug_abbrev  0x0000093f      0x243 ./Drivers/STM32L4xx_HAL_Driver/Src/stm32l4xx_hal.o
 .debug_abbrev  0x00000b82      0x31c ./Drivers/STM32L4xx_HAL_Driver/Src/stm32l4xx_hal_cortex.o
 .debug_abbrev  0x00000e9e      0x1d1 ./Drivers/STM32L4xx_HAL_Driver/Src/stm32l4xx_hal_gpio.o
 .debug_abbrev  0x0000106f      0x1f9 ./Drivers/STM32L4xx_HAL_Driver/Src/stm32l4xx_hal_pwr_ex.o
 .debug_abbrev  0x00001268      0x2dc ./Drivers/STM32L4xx_HAL_Driver/Src/stm32l4xx_hal_rcc.o
 .debug_abbrev  0x00001544      0x2a5 ./Drivers/STM32L4xx_HAL_Driver/Src/stm32l4xx_hal_rcc_ex.o
 .debug_abbrev  0x000017e9      0x21a ./Drivers/STM32L4xx_HAL_Driver/Src/stm32l4xx_hal_rtc.o
 .debug_abbrev  0x00001a03      0x2f3 ./Drivers/STM32L4xx_HAL_Driver/Src/stm32l4xx_hal_uart.o
 .debug_abbrev  0x00001cf6      0x3b7 ./Middlewares/Third_Party/FreeRTOS/Source/CMSIS_RTOS/cmsis_os.o
 .debug_abbrev  0x000020ad       0xf5 ./Middlewares/Third_Party/FreeRTOS/Source/list.o
 .debug_abbrev  0x000021a2      0x3b6 ./Middlewares/Third_Party/FreeRTOS/Source/queue.o
 .debug_abbrev  0x00002558      0x36e ./Middlewares/Third_Party/FreeRTOS/Source/tasks.o
 .debug_abbrev  0x000028c6      0x336 ./Middlewares/Third_Party/FreeRTOS/Source/timers.o
 .debug_abbrev  0x00002bfc      0x25c ./Middlewares/Third_Party/FreeRTOS/Source/portable/GCC/ARM_CM4F/port.o
 .debug_abbrev  0x00002e58      0x21d ./Middlewares/Third_Party/FreeRTOS/Source/portable/MemMang/heap_4.o

.debug_aranges  0x00000000     0x1110
 .debug_aranges
                0x00000000       0x28 ./Core/Src/freertos.o
 .debug_aranges
                0x00000028       0xe8 ./Core/Src/main.o
 .debug_aranges
                0x00000110       0x40 ./Core/Src/stm32l4xx_hal_msp.o
 .debug_aranges
                0x00000150       0x50 ./Core/Src/stm32l4xx_it.o
 .debug_aranges
                0x000001a0       0x20 ./Core/Src/sysmem.o
 .debug_aranges
                0x000001c0       0x28 ./Core/Src/system_stm32l4xx.o
 .debug_aranges
                0x000001e8       0x28 ./Core/Startup/startup_stm32l476rgtx.o
 .debug_aranges
                0x00000210      0x130 ./Drivers/STM32L4xx_HAL_Driver/Src/stm32l4xx_hal.o
 .debug_aranges
                0x00000340      0x128 ./Drivers/STM32L4xx_HAL_Driver/Src/stm32l4xx_hal_cortex.o
 .debug_aranges
                0x00000468       0x58 ./Drivers/STM32L4xx_HAL_Driver/Src/stm32l4xx_hal_gpio.o
 .debug_aranges
                0x000004c0      0x160 ./Drivers/STM32L4xx_HAL_Driver/Src/stm32l4xx_hal_pwr_ex.o
 .debug_aranges
                0x00000620       0x90 ./Drivers/STM32L4xx_HAL_Driver/Src/stm32l4xx_hal_rcc.o
 .debug_aranges
                0x000006b0       0xc0 ./Drivers/STM32L4xx_HAL_Driver/Src/stm32l4xx_hal_rcc_ex.o
 .debug_aranges
                0x00000770       0xe8 ./Drivers/STM32L4xx_HAL_Driver/Src/stm32l4xx_hal_rtc.o
 .debug_aranges
                0x00000858      0x228 ./Drivers/STM32L4xx_HAL_Driver/Src/stm32l4xx_hal_uart.o
 .debug_aranges
                0x00000a80      0x1d8 ./Middlewares/Third_Party/FreeRTOS/Source/CMSIS_RTOS/cmsis_os.o
 .debug_aranges
                0x00000c58       0x40 ./Middlewares/Third_Party/FreeRTOS/Source/list.o
 .debug_aranges
                0x00000c98      0x110 ./Middlewares/Third_Party/FreeRTOS/Source/queue.o
 .debug_aranges
                0x00000da8      0x1c0 ./Middlewares/Third_Party/FreeRTOS/Source/tasks.o
 .debug_aranges
                0x00000f68       0xd0 ./Middlewares/Third_Party/FreeRTOS/Source/timers.o
 .debug_aranges
                0x00001038       0x80 ./Middlewares/Third_Party/FreeRTOS/Source/portable/GCC/ARM_CM4F/port.o
 .debug_aranges
                0x000010b8       0x58 ./Middlewares/Third_Party/FreeRTOS/Source/portable/MemMang/heap_4.o

.debug_rnglists
                0x00000000      0xd0f
 .debug_rnglists
                0x00000000       0x19 ./Core/Src/freertos.o
 .debug_rnglists
                0x00000019       0xaf ./Core/Src/main.o
 .debug_rnglists
                0x000000c8       0x2c ./Core/Src/stm32l4xx_hal_msp.o
 .debug_rnglists
                0x000000f4       0x37 ./Core/Src/stm32l4xx_it.o
 .debug_rnglists
                0x0000012b       0x13 ./Core/Src/sysmem.o
 .debug_rnglists
                0x0000013e       0x1a ./Core/Src/system_stm32l4xx.o
 .debug_rnglists
                0x00000158       0x19 ./Core/Startup/startup_stm32l476rgtx.o
 .debug_rnglists
                0x00000171       0xdf ./Drivers/STM32L4xx_HAL_Driver/Src/stm32l4xx_hal.o
 .debug_rnglists
                0x00000250       0xda ./Drivers/STM32L4xx_HAL_Driver/Src/stm32l4xx_hal_cortex.o
 .debug_rnglists
                0x0000032a       0x3f ./Drivers/STM32L4xx_HAL_Driver/Src/stm32l4xx_hal_gpio.o
 .debug_rnglists
                0x00000369      0x109 ./Drivers/STM32L4xx_HAL_Driver/Src/stm32l4xx_hal_pwr_ex.o
 .debug_rnglists
                0x00000472       0x6d ./Drivers/STM32L4xx_HAL_Driver/Src/stm32l4xx_hal_rcc.o
 .debug_rnglists
                0x000004df       0x95 ./Drivers/STM32L4xx_HAL_Driver/Src/stm32l4xx_hal_rcc_ex.o
 .debug_rnglists
                0x00000574       0xb4 ./Drivers/STM32L4xx_HAL_Driver/Src/stm32l4xx_hal_rtc.o
 .debug_rnglists
                0x00000628      0x1da ./Drivers/STM32L4xx_HAL_Driver/Src/stm32l4xx_hal_uart.o
 .debug_rnglists
                0x00000802      0x16b ./Middlewares/Third_Party/FreeRTOS/Source/CMSIS_RTOS/cmsis_os.o
 .debug_rnglists
                0x0000096d       0x2b ./Middlewares/Third_Party/FreeRTOS/Source/list.o
 .debug_rnglists
                0x00000998       0xd3 ./Middlewares/Third_Party/FreeRTOS/Source/queue.o
 .debug_rnglists
                0x00000a6b      0x165 ./Middlewares/Third_Party/FreeRTOS/Source/tasks.o
 .debug_rnglists
                0x00000bd0       0xa0 ./Middlewares/Third_Party/FreeRTOS/Source/timers.o
 .debug_rnglists
                0x00000c70       0x5d ./Middlewares/Third_Party/FreeRTOS/Source/portable/GCC/ARM_CM4F/port.o
 .debug_rnglists
                0x00000ccd       0x42 ./Middlewares/Third_Party/FreeRTOS/Source/portable/MemMang/heap_4.o

.debug_macro    0x00000000    0x28a56
 .debug_macro   0x00000000      0x24b ./Core/Src/freertos.o
 .debug_macro   0x0000024b      0xad8 ./Core/Src/freertos.o
 .debug_macro   0x00000d23      0x190 ./Core/Src/freertos.o
 .debug_macro   0x00000eb3       0x22 ./Core/Src/freertos.o
 .debug_macro   0x00000ed5       0x8e ./Core/Src/freertos.o
 .debug_macro   0x00000f63       0x51 ./Core/Src/freertos.o
 .debug_macro   0x00000fb4      0x103 ./Core/Src/freertos.o
 .debug_macro   0x000010b7       0x6a ./Core/Src/freertos.o
 .debug_macro   0x00001121      0x1df ./Core/Src/freertos.o
 .debug_macro   0x00001300       0xfd ./Core/Src/freertos.o
 .debug_macro   0x000013fd      0x15a ./Core/Src/freertos.o
 .debug_macro   0x00001557       0xde ./Core/Src/freertos.o
 .debug_macro   0x00001635       0x1c ./Core/Src/freertos.o
 .debug_macro   0x00001651       0x26 ./Core/Src/freertos.o
 .debug_macro   0x00001677      0x4fd ./Core/Src/freertos.o
 .debug_macro   0x00001b74       0xb5 ./Core/Src/freertos.o
 .debug_macro   0x00001c29       0xaa ./Core/Src/freertos.o
 .debug_macro   0x00001cd3      0x1a7 ./Core/Src/freertos.o
 .debug_macro   0x00001e7a       0x2e ./Core/Src/freertos.o
 .debug_macro   0x00001ea8       0x28 ./Core/Src/freertos.o
 .debug_macro   0x00001ed0       0x1c ./Core/Src/freertos.o
 .debug_macro   0x00001eec       0x22 ./Core/Src/freertos.o
 .debug_macro   0x00001f0e       0xfb ./Core/Src/freertos.o
 .debug_macro   0x00002009     0x1011 ./Core/Src/freertos.o
 .debug_macro   0x0000301a      0x11f ./Core/Src/freertos.o
 .debug_macro   0x00003139    0x1a192 ./Core/Src/freertos.o
 .debug_macro   0x0001d2cb       0x6d ./Core/Src/freertos.o
 .debug_macro   0x0001d338     0x38fb ./Core/Src/freertos.o
 .debug_macro   0x00020c33       0x5c ./Core/Src/freertos.o
 .debug_macro   0x00020c8f     0x159e ./Core/Src/freertos.o
 .debug_macro   0x0002222d      0x5a5 ./Core/Src/freertos.o
 .debug_macro   0x000227d2      0x1b9 ./Core/Src/freertos.o
 .debug_macro   0x0002298b      0x18b ./Core/Src/freertos.o
 .debug_macro   0x00022b16      0x2c4 ./Core/Src/freertos.o
 .debug_macro   0x00022dda      0x27a ./Core/Src/freertos.o
 .debug_macro   0x00023054      0x23d ./Core/Src/freertos.o
 .debug_macro   0x00023291      0x241 ./Core/Src/freertos.o
 .debug_macro   0x000234d2      0x37c ./Core/Src/freertos.o
 .debug_macro   0x0002384e       0xd6 ./Core/Src/freertos.o
 .debug_macro   0x00023924      0x122 ./Core/Src/freertos.o
 .debug_macro   0x00023a46      0x3ef ./Core/Src/freertos.o
 .debug_macro   0x00023e35      0x321 ./Core/Src/freertos.o
 .debug_macro   0x00024156      0x4fb ./Core/Src/freertos.o
 .debug_macro   0x00024651       0xeb ./Core/Src/freertos.o
 .debug_macro   0x0002473c      0x5cf ./Core/Src/freertos.o
 .debug_macro   0x00024d0b       0x44 ./Core/Src/freertos.o
 .debug_macro   0x00024d4f      0x330 ./Core/Src/freertos.o
 .debug_macro   0x0002507f       0x58 ./Core/Src/freertos.o
 .debug_macro   0x000250d7      0x3c2 ./Core/Src/main.o
 .debug_macro   0x00025499       0xfd ./Core/Src/main.o
 .debug_macro   0x00025596       0x91 ./Core/Src/main.o
 .debug_macro   0x00025627       0x8d ./Core/Src/main.o
 .debug_macro   0x000256b4       0x7e ./Core/Src/main.o
 .debug_macro   0x00025732       0x19 ./Core/Src/main.o
 .debug_macro   0x0002574b       0xf2 ./Core/Src/main.o
 .debug_macro   0x0002583d       0x61 ./Core/Src/main.o
 .debug_macro   0x0002589e       0x2a ./Core/Src/main.o
 .debug_macro   0x000258c8       0x43 ./Core/Src/main.o
 .debug_macro   0x0002590b       0x34 ./Core/Src/main.o
 .debug_macro   0x0002593f       0x16 ./Core/Src/main.o
 .debug_macro   0x00025955       0x3c ./Core/Src/main.o
 .debug_macro   0x00025991      0x370 ./Core/Src/main.o
 .debug_macro   0x00025d01       0x10 ./Core/Src/main.o
 .debug_macro   0x00025d11       0x16 ./Core/Src/main.o
 .debug_macro   0x00025d27       0x4a ./Core/Src/main.o
 .debug_macro   0x00025d71       0x34 ./Core/Src/main.o
 .debug_macro   0x00025da5       0x10 ./Core/Src/main.o
 .debug_macro   0x00025db5       0x58 ./Core/Src/main.o
 .debug_macro   0x00025e0d       0x8e ./Core/Src/main.o
 .debug_macro   0x00025e9b       0x1c ./Core/Src/main.o
 .debug_macro   0x00025eb7      0x185 ./Core/Src/main.o
 .debug_macro   0x0002603c       0x16 ./Core/Src/main.o
 .debug_macro   0x00026052       0x16 ./Core/Src/main.o
 .debug_macro   0x00026068      0x146 ./Core/Src/main.o
 .debug_macro   0x000261ae       0x16 ./Core/Src/main.o
 .debug_macro   0x000261c4       0x20 ./Core/Src/main.o
 .debug_macro   0x000261e4      0x1e3 ./Core/Src/stm32l4xx_hal_msp.o
 .debug_macro   0x000263c7      0x255 ./Core/Src/stm32l4xx_it.o
 .debug_macro   0x0002661c      0x112 ./Core/Src/sysmem.o
 .debug_macro   0x0002672e      0x23c ./Core/Src/sysmem.o
 .debug_macro   0x0002696a      0x1d4 ./Core/Src/system_stm32l4xx.o
 .debug_macro   0x00026b3e      0x222 ./Drivers/STM32L4xx_HAL_Driver/Src/stm32l4xx_hal.o
 .debug_macro   0x00026d60      0x1d4 ./Drivers/STM32L4xx_HAL_Driver/Src/stm32l4xx_hal_cortex.o
 .debug_macro   0x00026f34      0x1db ./Drivers/STM32L4xx_HAL_Driver/Src/stm32l4xx_hal_gpio.o
 .debug_macro   0x0002710f      0x1f8 ./Drivers/STM32L4xx_HAL_Driver/Src/stm32l4xx_hal_pwr_ex.o
 .debug_macro   0x00027307      0x216 ./Drivers/STM32L4xx_HAL_Driver/Src/stm32l4xx_hal_rcc.o
 .debug_macro   0x0002751d      0x20a ./Drivers/STM32L4xx_HAL_Driver/Src/stm32l4xx_hal_rcc_ex.o
 .debug_macro   0x00027727      0x1d5 ./Drivers/STM32L4xx_HAL_Driver/Src/stm32l4xx_hal_rtc.o
 .debug_macro   0x000278fc      0x1ff ./Drivers/STM32L4xx_HAL_Driver/Src/stm32l4xx_hal_uart.o
 .debug_macro   0x00027afb      0x1fe ./Middlewares/Third_Party/FreeRTOS/Source/CMSIS_RTOS/cmsis_os.o
 .debug_macro   0x00027cf9       0x10 ./Middlewares/Third_Party/FreeRTOS/Source/CMSIS_RTOS/cmsis_os.o
 .debug_macro   0x00027d09       0xe9 ./Middlewares/Third_Party/FreeRTOS/Source/CMSIS_RTOS/cmsis_os.o
 .debug_macro   0x00027df2      0x187 ./Middlewares/Third_Party/FreeRTOS/Source/list.o
 .debug_macro   0x00027f79      0x216 ./Middlewares/Third_Party/FreeRTOS/Source/queue.o
 .debug_macro   0x0002818f       0x87 ./Middlewares/Third_Party/FreeRTOS/Source/queue.o
 .debug_macro   0x00028216      0x279 ./Middlewares/Third_Party/FreeRTOS/Source/tasks.o
 .debug_macro   0x0002848f       0x10 ./Middlewares/Third_Party/FreeRTOS/Source/tasks.o
 .debug_macro   0x0002849f      0x1dc ./Middlewares/Third_Party/FreeRTOS/Source/timers.o
 .debug_macro   0x0002867b       0x97 ./Middlewares/Third_Party/FreeRTOS/Source/timers.o
 .debug_macro   0x00028712      0x196 ./Middlewares/Third_Party/FreeRTOS/Source/portable/GCC/ARM_CM4F/port.o
 .debug_macro   0x000288a8      0x1ae ./Middlewares/Third_Party/FreeRTOS/Source/portable/MemMang/heap_4.o

.debug_line     0x00000000    0x137a2
 .debug_line    0x00000000      0x88f ./Core/Src/freertos.o
 .debug_line    0x0000088f      0xf43 ./Core/Src/main.o
 .debug_line    0x000017d2      0x828 ./Core/Src/stm32l4xx_hal_msp.o
 .debug_line    0x00001ffa      0x90a ./Core/Src/stm32l4xx_it.o
 .debug_line    0x00002904      0x5a1 ./Core/Src/sysmem.o
 .debug_line    0x00002ea5      0x80f ./Core/Src/system_stm32l4xx.o
 .debug_line    0x000036b4       0x7a ./Core/Startup/startup_stm32l476rgtx.o
 .debug_line    0x0000372e      0xb78 ./Drivers/STM32L4xx_HAL_Driver/Src/stm32l4xx_hal.o
 .debug_line    0x000042a6      0xd12 ./Drivers/STM32L4xx_HAL_Driver/Src/stm32l4xx_hal_cortex.o
 .debug_line    0x00004fb8      0xbcb ./Drivers/STM32L4xx_HAL_Driver/Src/stm32l4xx_hal_gpio.o
 .debug_line    0x00005b83      0xd59 ./Drivers/STM32L4xx_HAL_Driver/Src/stm32l4xx_hal_pwr_ex.o
 .debug_line    0x000068dc     0x10cc ./Drivers/STM32L4xx_HAL_Driver/Src/stm32l4xx_hal_rcc.o
 .debug_line    0x000079a8     0x159a ./Drivers/STM32L4xx_HAL_Driver/Src/stm32l4xx_hal_rcc_ex.o
 .debug_line    0x00008f42     0x11ea ./Drivers/STM32L4xx_HAL_Driver/Src/stm32l4xx_hal_rtc.o
 .debug_line    0x0000a12c     0x2daa ./Drivers/STM32L4xx_HAL_Driver/Src/stm32l4xx_hal_uart.o
 .debug_line    0x0000ced6     0x13d0 ./Middlewares/Third_Party/FreeRTOS/Source/CMSIS_RTOS/cmsis_os.o
 .debug_line    0x0000e2a6      0x7a5 ./Middlewares/Third_Party/FreeRTOS/Source/list.o
 .debug_line    0x0000ea4b     0x1528 ./Middlewares/Third_Party/FreeRTOS/Source/queue.o
 .debug_line    0x0000ff73     0x1924 ./Middlewares/Third_Party/FreeRTOS/Source/tasks.o
 .debug_line    0x00011897      0xd2a ./Middlewares/Third_Party/FreeRTOS/Source/timers.o
 .debug_line    0x000125c1      0x825 ./Middlewares/Third_Party/FreeRTOS/Source/portable/GCC/ARM_CM4F/port.o
 .debug_line    0x00012de6      0x9bc ./Middlewares/Third_Party/FreeRTOS/Source/portable/MemMang/heap_4.o

.debug_str      0x00000000    0xf8e79