../Drivers/CMSIS/Include/core_cm4.h:1679:22:__NVIC_EnableIRQ	16	static,ignoring_inline_asm
../Drivers/CMSIS/Include/core_cm4.h:1809:22:__NVIC_SetPriority	16	static
../Core/Src/main.c:84:6:print_msg	16	static
../Core/Src/main.c:97:5:main	24	static
../Core/Src/main.c:187:6:vTask1	16	static
../Core/Src/main.c:201:6:vTask2	16	static
../Core/Src/main.c:219:6:SystemClock_Config	96	static
../Core/Src/main.c:276:13:MX_USART2_UART_Init	8	static
../Core/Src/main.c:316:13:MX_GPIO_Init	48	static
../Core/Src/main.c:361:6:StartDefaultTask	16	static
../Core/Src/main.c:376:6:Error_Handler	4	static,ignoring_inline_asm
