../Drivers/CMSIS/Include/core_cm4.h:1679:22:__NVIC_EnableIRQ	16	static,ignoring_inline_asm
../Drivers/CMSIS/Include/core_cm4.h:1809:22:__NVIC_SetPriority	16	static
../Core/Src/main.c:86:6:print_msg	16	static
../Core/Src/main.c:94:5:main	24	static
../Core/Src/main.c:187:6:vManagerTask	24	static,ignoring_inline_asm
../Core/Src/main.c:209:6:EmployeeDoWork	16	static
../Core/Src/main.c:214:6:vEmployeeTask	24	static
../Core/Src/main.c:234:6:SystemClock_Config	96	static
../Core/Src/main.c:285:13:MX_RTC_Init	32	static
../Core/Src/main.c:349:13:MX_USART2_UART_Init	8	static
../Core/Src/main.c:389:13:MX_GPIO_Init	48	static
../Core/Src/main.c:434:6:StartDefaultTask	16	static
../Core/Src/main.c:449:6:Error_Handler	4	static,ignoring_inline_asm
