18:59:14 **** Incremental Build of configuration Debug for project create_TASK ****
make -j8 all 
arm-none-eabi-gcc "../Core/Src/main.c" -mcpu=cortex-m4 -std=gnu11 -g3 -DDEBUG -DUSE_HAL_DRIVER -DSTM32L476xx -c -I../Core/Inc -I../Drivers/STM32L4xx_HAL_Driver/Inc -I../Drivers/STM32L4xx_HAL_Driver/Inc/Legacy -I../Drivers/CMSIS/Device/ST/STM32L4xx/Include -I../Drivers/CMSIS/Include -I../Middlewares/Third_Party/FreeRTOS/Source/include -I../Middlewares/Third_Party/FreeRTOS/Source/CMSIS_RTOS -I../Middlewares/Third_Party/FreeRTOS/Source/portable/GCC/ARM_CM4F -O0 -ffunction-sections -fdata-sections -Wall -fstack-usage -fcyclomatic-complexity -MMD -MP -MF"Core/Src/main.d" -MT"Core/Src/main.o" --specs=nano.specs -mfpu=fpv4-sp-d16 -mfloat-abi=hard -mthumb -o "Core/Src/main.o"
arm-none-eabi-gcc -o "create_TASK.elf" @"objects.list"   -mcpu=cortex-m4 -T"D:\RTOS_Workspace\create_TASK\STM32L476RGTX_FLASH.ld" --specs=nosys.specs -Wl,-Map="create_TASK.map" -Wl,--gc-sections -static --specs=nano.specs -mfpu=fpv4-sp-d16 -mfloat-abi=hard -mthumb -Wl,--start-group -lc -lm -Wl,--end-group
Finished building target: create_TASK.elf
 
arm-none-eabi-size  create_TASK.elf 
arm-none-eabi-objdump -h -S create_TASK.elf  > "create_TASK.list"
   text	   data	    bss	    dec	    hex	filename
  18492	     16	   5656	  24164	   5e64	create_TASK.elf
Finished building: default.size.stdout
 
Finished building: create_TASK.list
 

18:59:16 Build Finished. 0 errors, 0 warnings. (took 2s.199ms)

